Archive member included to satisfy reference by file (symbol)

D:/ST/STM32CubeIDE_1.19.0/STM32CubeIDE/plugins/com.st.stm32cube.ide.mcu.externaltools.gnu-tools-for-stm32.13.3.rel1.win32_1.0.0.202411081344/tools/bin/../lib/gcc/arm-none-eabi/13.3.1/../../../../arm-none-eabi/lib/thumb/v7e-m+fp/hard\libc_nano.a(libc_a-atoi.o)
                              ./Core/Src/uart_command.o (atoi)
D:/ST/STM32CubeIDE_1.19.0/STM32CubeIDE/plugins/com.st.stm32cube.ide.mcu.externaltools.gnu-tools-for-stm32.13.3.rel1.win32_1.0.0.202411081344/tools/bin/../lib/gcc/arm-none-eabi/13.3.1/../../../../arm-none-eabi/lib/thumb/v7e-m+fp/hard\libc_nano.a(libc_a-exit.o)
                              D:/ST/STM32CubeIDE_1.19.0/STM32CubeIDE/plugins/com.st.stm32cube.ide.mcu.externaltools.gnu-tools-for-stm32.13.3.rel1.win32_1.0.0.202411081344/tools/bin/../lib/gcc/arm-none-eabi/13.3.1/../../../../arm-none-eabi/lib/thumb/v7e-m+fp/hard/crt0.o (exit)
D:/ST/STM32CubeIDE_1.19.0/STM32CubeIDE/plugins/com.st.stm32cube.ide.mcu.externaltools.gnu-tools-for-stm32.13.3.rel1.win32_1.0.0.202411081344/tools/bin/../lib/gcc/arm-none-eabi/13.3.1/../../../../arm-none-eabi/lib/thumb/v7e-m+fp/hard\libc_nano.a(libc_a-strtol.o)
                              D:/ST/STM32CubeIDE_1.19.0/STM32CubeIDE/plugins/com.st.stm32cube.ide.mcu.externaltools.gnu-tools-for-stm32.13.3.rel1.win32_1.0.0.202411081344/tools/bin/../lib/gcc/arm-none-eabi/13.3.1/../../../../arm-none-eabi/lib/thumb/v7e-m+fp/hard\libc_nano.a(libc_a-atoi.o) (_strtol_r)
D:/ST/STM32CubeIDE_1.19.0/STM32CubeIDE/plugins/com.st.stm32cube.ide.mcu.externaltools.gnu-tools-for-stm32.13.3.rel1.win32_1.0.0.202411081344/tools/bin/../lib/gcc/arm-none-eabi/13.3.1/../../../../arm-none-eabi/lib/thumb/v7e-m+fp/hard\libc_nano.a(libc_a-ctype_.o)
                              D:/ST/STM32CubeIDE_1.19.0/STM32CubeIDE/plugins/com.st.stm32cube.ide.mcu.externaltools.gnu-tools-for-stm32.13.3.rel1.win32_1.0.0.202411081344/tools/bin/../lib/gcc/arm-none-eabi/13.3.1/../../../../arm-none-eabi/lib/thumb/v7e-m+fp/hard\libc_nano.a(libc_a-strtol.o) (_ctype_)
D:/ST/STM32CubeIDE_1.19.0/STM32CubeIDE/plugins/com.st.stm32cube.ide.mcu.externaltools.gnu-tools-for-stm32.13.3.rel1.win32_1.0.0.202411081344/tools/bin/../lib/gcc/arm-none-eabi/13.3.1/../../../../arm-none-eabi/lib/thumb/v7e-m+fp/hard\libc_nano.a(libc_a-findfp.o)
                              D:/ST/STM32CubeIDE_1.19.0/STM32CubeIDE/plugins/com.st.stm32cube.ide.mcu.externaltools.gnu-tools-for-stm32.13.3.rel1.win32_1.0.0.202411081344/tools/bin/../lib/gcc/arm-none-eabi/13.3.1/../../../../arm-none-eabi/lib/thumb/v7e-m+fp/hard\libc_nano.a(libc_a-exit.o) (__stdio_exit_handler)
D:/ST/STM32CubeIDE_1.19.0/STM32CubeIDE/plugins/com.st.stm32cube.ide.mcu.externaltools.gnu-tools-for-stm32.13.3.rel1.win32_1.0.0.202411081344/tools/bin/../lib/gcc/arm-none-eabi/13.3.1/../../../../arm-none-eabi/lib/thumb/v7e-m+fp/hard\libc_nano.a(libc_a-fwalk.o)
                              D:/ST/STM32CubeIDE_1.19.0/STM32CubeIDE/plugins/com.st.stm32cube.ide.mcu.externaltools.gnu-tools-for-stm32.13.3.rel1.win32_1.0.0.202411081344/tools/bin/../lib/gcc/arm-none-eabi/13.3.1/../../../../arm-none-eabi/lib/thumb/v7e-m+fp/hard\libc_nano.a(libc_a-findfp.o) (_fwalk_sglue)
D:/ST/STM32CubeIDE_1.19.0/STM32CubeIDE/plugins/com.st.stm32cube.ide.mcu.externaltools.gnu-tools-for-stm32.13.3.rel1.win32_1.0.0.202411081344/tools/bin/../lib/gcc/arm-none-eabi/13.3.1/../../../../arm-none-eabi/lib/thumb/v7e-m+fp/hard\libc_nano.a(libc_a-snprintf.o)
                              ./Core/Src/uart_command.o (snprintf)
D:/ST/STM32CubeIDE_1.19.0/STM32CubeIDE/plugins/com.st.stm32cube.ide.mcu.externaltools.gnu-tools-for-stm32.13.3.rel1.win32_1.0.0.202411081344/tools/bin/../lib/gcc/arm-none-eabi/13.3.1/../../../../arm-none-eabi/lib/thumb/v7e-m+fp/hard\libc_nano.a(libc_a-sscanf.o)
                              ./Core/Src/uart_command.o (sscanf)
D:/ST/STM32CubeIDE_1.19.0/STM32CubeIDE/plugins/com.st.stm32cube.ide.mcu.externaltools.gnu-tools-for-stm32.13.3.rel1.win32_1.0.0.202411081344/tools/bin/../lib/gcc/arm-none-eabi/13.3.1/../../../../arm-none-eabi/lib/thumb/v7e-m+fp/hard\libc_nano.a(libc_a-stdio.o)
                              D:/ST/STM32CubeIDE_1.19.0/STM32CubeIDE/plugins/com.st.stm32cube.ide.mcu.externaltools.gnu-tools-for-stm32.13.3.rel1.win32_1.0.0.202411081344/tools/bin/../lib/gcc/arm-none-eabi/13.3.1/../../../../arm-none-eabi/lib/thumb/v7e-m+fp/hard\libc_nano.a(libc_a-findfp.o) (__sread)
D:/ST/STM32CubeIDE_1.19.0/STM32CubeIDE/plugins/com.st.stm32cube.ide.mcu.externaltools.gnu-tools-for-stm32.13.3.rel1.win32_1.0.0.202411081344/tools/bin/../lib/gcc/arm-none-eabi/13.3.1/../../../../arm-none-eabi/lib/thumb/v7e-m+fp/hard\libc_nano.a(libc_a-memset.o)
                              D:/ST/STM32CubeIDE_1.19.0/STM32CubeIDE/plugins/com.st.stm32cube.ide.mcu.externaltools.gnu-tools-for-stm32.13.3.rel1.win32_1.0.0.202411081344/tools/bin/../lib/gcc/arm-none-eabi/13.3.1/../../../../arm-none-eabi/lib/thumb/v7e-m+fp/hard/crt0.o (memset)
[...]
Memory Configuration

Name             Origin             Length             Attributes
RAM              0x20000000         0x00008000         xrw
FLASH            0x08000000         0x00010000         xr
*default*        0x00000000         0xffffffff

Linker script and memory map

LOAD D:/ST/STM32CubeIDE_1.19.0/STM32CubeIDE/plugins/com.st.stm32cube.ide.mcu.externaltools.gnu-tools-for-stm32.13.3.rel1.win32_1.0.0.202411081344/tools/bin/../lib/gcc/arm-none-eabi/13.3.1/thumb/v7e-m+fp/hard/crti.o
LOAD D:/ST/STM32CubeIDE_1.19.0/STM32CubeIDE/plugins/com.st.stm32cube.ide.mcu.externaltools.gnu-tools-for-stm32.13.3.rel1.win32_1.0.0.202411081344/tools/bin/../lib/gcc/arm-none-eabi/13.3.1/thumb/v7e-m+fp/hard/crtbegin.o
LOAD D:/ST/STM32CubeIDE_1.19.0/STM32CubeIDE/plugins/com.st.stm32cube.ide.mcu.externaltools.gnu-tools-for-stm32.13.3.rel1.win32_1.0.0.202411081344/tools/bin/../lib/gcc/arm-none-eabi/13.3.1/../../../../arm-none-eabi/lib/thumb/v7e-m+fp/hard/crt0.o
LOAD ./Core/Src/adc.o
LOAD ./Core/Src/adc_utils.o
LOAD ./Core/Src/ads1115.o
LOAD ./Core/Src/app_freertos.o
LOAD ./Core/Src/control_vars.o
LOAD ./Core/Src/dma.o
LOAD ./Core/Src/gpio.o
LOAD ./Core/Src/i2c.o
LOAD ./Core/Src/main.o
LOAD ./Core/Src/mcp4922.o
LOAD ./Core/Src/spi.o
LOAD ./Core/Src/stm32_adc.o
LOAD ./Core/Src/stm32g4xx_hal_msp.o
LOAD ./Core/Src/stm32g4xx_hal_timebase_tim.o
LOAD ./Core/Src/stm32g4xx_it.o
LOAD ./Core/Src/syscalls.o
LOAD ./Core/Src/sysmem.o
LOAD ./Core/Src/system_stm32g4xx.o
LOAD ./Core/Src/telemetry.o
LOAD ./Core/Src/uart_command.o
LOAD ./Core/Src/usart.o
LOAD ./Core/Startup/startup_stm32g431k8tx.o
LOAD ./Drivers/STM32G4xx_HAL_Driver/Src/stm32g4xx_hal.o
LOAD ./Drivers/STM32G4xx_HAL_Driver/Src/stm32g4xx_hal_adc.o
LOAD ./Drivers/STM32G4xx_HAL_Driver/Src/stm32g4xx_hal_adc_ex.o
LOAD ./Drivers/STM32G4xx_HAL_Driver/Src/stm32g4xx_hal_cortex.o
LOAD ./Drivers/STM32G4xx_HAL_Driver/Src/stm32g4xx_hal_dma.o
LOAD ./Drivers/STM32G4xx_HAL_Driver/Src/stm32g4xx_hal_dma_ex.o
LOAD ./Drivers/STM32G4xx_HAL_Driver/Src/stm32g4xx_hal_exti.o
LOAD ./Drivers/STM32G4xx_HAL_Driver/Src/stm32g4xx_hal_flash.o
LOAD ./Drivers/STM32G4xx_HAL_Driver/Src/stm32g4xx_hal_flash_ex.o
LOAD ./Drivers/STM32G4xx_HAL_Driver/Src/stm32g4xx_hal_flash_ramfunc.o
LOAD ./Drivers/STM32G4xx_HAL_Driver/Src/stm32g4xx_hal_gpio.o
LOAD ./Drivers/STM32G4xx_HAL_Driver/Src/stm32g4xx_hal_i2c.o
LOAD ./Drivers/STM32G4xx_HAL_Driver/Src/stm32g4xx_hal_i2c_ex.o
LOAD ./Drivers/STM32G4xx_HAL_Driver/Src/stm32g4xx_hal_pwr.o
LOAD ./Drivers/STM32G4xx_HAL_Driver/Src/stm32g4xx_hal_pwr_ex.o
LOAD ./Drivers/STM32G4xx_HAL_Driver/Src/stm32g4xx_hal_rcc.o
LOAD ./Drivers/STM32G4xx_HAL_Driver/Src/stm32g4xx_hal_rcc_ex.o
LOAD ./Drivers/STM32G4xx_HAL_Driver/Src/stm32g4xx_hal_spi.o
LOAD ./Drivers/STM32G4xx_HAL_Driver/Src/stm32g4xx_hal_spi_ex.o
LOAD ./Drivers/STM32G4xx_HAL_Driver/Src/stm32g4xx_hal_tim.o
LOAD ./Drivers/STM32G4xx_HAL_Driver/Src/stm32g4xx_hal_tim_ex.o
LOAD ./Drivers/STM32G4xx_HAL_Driver/Src/stm32g4xx_hal_uart.o
LOAD ./Drivers/STM32G4xx_HAL_Driver/Src/stm32g4xx_hal_uart_ex.o
LOAD ./Drivers/STM32G4xx_HAL_Driver/Src/stm32g4xx_ll_adc.o
LOAD ./Middlewares/Third_Party/FreeRTOS/Source/CMSIS_RTOS_V2/cmsis_os2.o
LOAD ./Middlewares/Third_Party/FreeRTOS/Source/croutine.o
LOAD ./Middlewares/Third_Party/FreeRTOS/Source/event_groups.o
LOAD ./Middlewares/Third_Party/FreeRTOS/Source/list.o
LOAD ./Middlewares/Third_Party/FreeRTOS/Source/queue.o
LOAD ./Middlewares/Third_Party/FreeRTOS/Source/stream_buffer.o
LOAD ./Middlewares/Third_Party/FreeRTOS/Source/tasks.o
LOAD ./Middlewares/Third_Party/FreeRTOS/Source/timers.o
LOAD ./Middlewares/Third_Party/FreeRTOS/Source/portable/GCC/ARM_CM4F/port.o
LOAD ./Middlewares/Third_Party/FreeRTOS/Source/portable/MemMang/heap_4.o
START GROUP
LOAD D:/ST/STM32CubeIDE_1.19.0/STM32CubeIDE/plugins/com.st.stm32cube.ide.mcu.externaltools.gnu-tools-for-stm32.13.3.rel1.win32_1.0.0.202411081344/tools/bin/../lib/gcc/arm-none-eabi/13.3.1/../../../../arm-none-eabi/lib/thumb/v7e-m+fp/hard\libc_nano.a
LOAD D:/ST/STM32CubeIDE_1.19.0/STM32CubeIDE/plugins/com.st.stm32cube.ide.mcu.externaltools.gnu-tools-for-stm32.13.3.rel1.win32_1.0.0.202411081344/tools/bin/../lib/gcc/arm-none-eabi/13.3.1/../../../../arm-none-eabi/lib/thumb/v7e-m+fp/hard\libm.a
END GROUP
START GROUP
LOAD D:/ST/STM32CubeIDE_1.19.0/STM32CubeIDE/plugins/com.st.stm32cube.ide.mcu.externaltools.gnu-tools-for-stm32.13.3.rel1.win32_1.0.0.202411081344/tools/bin/../lib/gcc/arm-none-eabi/13.3.1/thumb/v7e-m+fp/hard\libgcc.a
LOAD D:/ST/STM32CubeIDE_1.19.0/STM32CubeIDE/plugins/com.st.stm32cube.ide.mcu.externaltools.gnu-tools-for-stm32.13.3.rel1.win32_1.0.0.202411081344/tools/bin/../lib/gcc/arm-none-eabi/13.3.1/../../../../arm-none-eabi/lib/thumb/v7e-m+fp/hard\libc_nano.a
END GROUP
START GROUP
LOAD D:/ST/STM32CubeIDE_1.19.0/STM32CubeIDE/plugins/com.st.stm32cube.ide.mcu.externaltools.gnu-tools-for-stm32.13.3.rel1.win32_1.0.0.202411081344/tools/bin/../lib/gcc/arm-none-eabi/13.3.1/thumb/v7e-m+fp/hard\libgcc.a
LOAD D:/ST/STM32CubeIDE_1.19.0/STM32CubeIDE/plugins/com.st.stm32cube.ide.mcu.externaltools.gnu-tools-for-stm32.13.3.rel1.win32_1.0.0.202411081344/tools/bin/../lib/gcc/arm-none-eabi/13.3.1/../../../../arm-none-eabi/lib/thumb/v7e-m+fp/hard\libc_nano.a
LOAD D:/ST/STM32CubeIDE_1.19.0/STM32CubeIDE/plugins/com.st.stm32cube.ide.mcu.externaltools.gnu-tools-for-stm32.13.3.rel1.win32_1.0.0.202411081344/tools/bin/../lib/gcc/arm-none-eabi/13.3.1/../../../../arm-none-eabi/lib/thumb/v7e-m+fp/hard\libnosys.a
END GROUP
START GROUP
LOAD D:/ST/STM32CubeIDE_1.19.0/STM32CubeIDE/plugins/com.st.stm32cube.ide.mcu.externaltools.gnu-tools-for-stm32.13.3.rel1.win32_1.0.0.202411081344/tools/bin/../lib/gcc/arm-none-eabi/13.3.1/thumb/v7e-m+fp/hard\libgcc.a
LOAD D:/ST/STM32CubeIDE_1.19.0/STM32CubeIDE/plugins/com.st.stm32cube.ide.mcu.externaltools.gnu-tools-for-stm32.13.3.rel1.win32_1.0.0.202411081344/tools/bin/../lib/gcc/arm-none-eabi/13.3.1/../../../../arm-none-eabi/lib/thumb/v7e-m+fp/hard\libc_nano.a
LOAD D:/ST/STM32CubeIDE_1.19.0/STM32CubeIDE/plugins/com.st.stm32cube.ide.mcu.externaltools.gnu-tools-for-stm32.13.3.rel1.win32_1.0.0.202411081344/tools/bin/../lib/gcc/arm-none-eabi/13.3.1/../../../../arm-none-eabi/lib/thumb/v7e-m+fp/hard\libnosys.a
END GROUP
LOAD D:/ST/STM32CubeIDE_1.19.0/STM32CubeIDE/plugins/com.st.stm32cube.ide.mcu.externaltools.gnu-tools-for-stm32.13.3.rel1.win32_1.0.0.202411081344/tools/bin/../lib/gcc/arm-none-eabi/13.3.1/thumb/v7e-m+fp/hard/crtend.o
LOAD D:/ST/STM32CubeIDE_1.19.0/STM32CubeIDE/plugins/com.st.stm32cube.ide.mcu.externaltools.gnu-tools-for-stm32.13.3.rel1.win32_1.0.0.202411081344/tools/bin/../lib/gcc/arm-none-eabi/13.3.1/thumb/v7e-m+fp/hard/crtn.o
                0x20008000                        _estack = (ORIGIN (RAM) + LENGTH (RAM))
                0x00000200                        _Min_Heap_Size = 0x200
                0x00000400                        _Min_Stack_Size = 0x400

.isr_vector     0x08000000      0x1d8
                0x08000000                        . = ALIGN (0x4)
 *(.isr_vector)
 .isr_vector    0x08000000      0x1d8 ./Core/Startup/startup_stm32g431k8tx.o
                0x08000000                g_pfnVectors
                0x080001d8                        . = ALIGN (0x4)

.text           0x080001e0     0x4d68
                0x080001e0                        . = ALIGN (0x4)
 *(.text)
 .text          0x080001e0       0x40 D:/ST/STM32CubeIDE_1.19.0/STM32CubeIDE/plugins/com.st.stm32cube.ide.mcu.externaltools.gnu-tools-for-stm32.13.3.rel1.win32_1.0.0.202411081344/tools/bin/../lib/gcc/arm-none-eabi/13.3.1/thumb/v7e-m+fp/hard/crtbegin.o
 .text          0x08000220       0x30 D:/ST/STM32CubeIDE_1.19.0/STM32CubeIDE/plugins/com.st.stm32cube.ide.mcu.externaltools.gnu-tools-for-stm32.13.3.rel1.win32_1.0.0.202411081344/tools/bin/../lib/gcc/arm-none-eabi/13.3.1/thumb/v7e-m+fp/hard\libgcc.a(_aeabi_uldivmod.o)
                0x08000220                __aeabi_uldivmod
 .text          0x08000250      0x2f8 D:/ST/STM32CubeIDE_1.19.0/STM32CubeIDE/plugins/com.st.stm32cube.ide.mcu.externaltools.gnu-tools-for-stm32.13.3.rel1.win32_1.0.0.202411081344/tools/bin/../lib/gcc/arm-none-eabi/13.3.1/thumb/v7e-m+fp/hard\libgcc.a(_udivmoddi4.o)
                0x08000250                __udivmoddi4
 .text          0x08000548        0x4 D:/ST/STM32CubeIDE_1.19.0/STM32CubeIDE/plugins/com.st.stm32cube.ide.mcu.externaltools.gnu-tools-for-stm32.13.3.rel1.win32_1.0.0.202411081344/tools/bin/../lib/gcc/arm-none-eabi/13.3.1/thumb/v7e-m+fp/hard\libgcc.a(_dvmd_tls.o)
                0x08000548                __aeabi_idiv0
                0x08000548                __aeabi_ldiv0
 *(.text*)
 .text.MX_ADC1_Init
                0x0800054c       0x94 ./Core/Src/adc.o
                0x0800054c                MX_ADC1_Init
 .text.HAL_ADC_MspInit
                0x080005e0       0x80 ./Core/Src/adc.o
                0x080005e0                HAL_ADC_MspInit
 .text.StartDefaultTask
                0x08000660        0xa ./Core/Src/app_freertos.o
                0x08000660                StartDefaultTask
 *fill*         0x0800066a        0x2 
 .text.MX_FREERTOS_Init
                0x0800066c       0x20 ./Core/Src/app_freertos.o
                0x0800066c                MX_FREERTOS_Init
 .text.MX_DMA_Init
                0x0800068c       0x44 ./Core/Src/dma.o
                0x0800068c                MX_DMA_Init
 .text.MX_GPIO_Init
                0x080006d0       0xe0 ./Core/Src/gpio.o
                0x080006d0                MX_GPIO_Init
 .text.MX_I2C1_Init
                0x080007b0       0x58 ./Core/Src/i2c.o
                0x080007b0                MX_I2C1_Init
 .text.MX_I2C3_Init
                0x08000808       0x58 ./Core/Src/i2c.o
                0x08000808                MX_I2C3_Init
 .text.HAL_I2C_MspInit
                0x08000860      0x138 ./Core/Src/i2c.o
                0x08000860                HAL_I2C_MspInit
 .text.SystemClock_Config
                0x08000998       0x60 ./Core/Src/main.o
                0x08000998                SystemClock_Config
 .text.startup.main
                0x080009f8       0x4c ./Core/Src/main.o
                0x080009f8                main
 .text.HAL_TIM_PeriodElapsedCallback
                0x08000a44       0x14 ./Core/Src/main.o
                0x08000a44                HAL_TIM_PeriodElapsedCallback
 .text.Error_Handler
                0x08000a58        0x4 ./Core/Src/main.o
                0x08000a58                Error_Handler
 .text.MX_SPI1_Init
                0x08000a5c       0x4c ./Core/Src/spi.o
                0x08000a5c                MX_SPI1_Init
 .text.HAL_SPI_MspInit
                0x08000aa8       0x8c ./Core/Src/spi.o
                0x08000aa8                HAL_SPI_MspInit
 .text.HAL_MspInit
                0x08000b34       0x44 ./Core/Src/stm32g4xx_hal_msp.o
                0x08000b34                HAL_MspInit
 .text.HAL_InitTick
                0x08000b78       0x8c ./Core/Src/stm32g4xx_hal_timebase_tim.o
                0x08000b78                HAL_InitTick
 .text.NMI_Handler
                0x08000c04        0x2 ./Core/Src/stm32g4xx_it.o
                0x08000c04                NMI_Handler
 .text.HardFault_Handler
                0x08000c06        0x2 ./Core/Src/stm32g4xx_it.o
                0x08000c06                HardFault_Handler
 .text.MemManage_Handler
                0x08000c08        0x2 ./Core/Src/stm32g4xx_it.o
                0x08000c08                MemManage_Handler
 .text.BusFault_Handler
                0x08000c0a        0x2 ./Core/Src/stm32g4xx_it.o
                0x08000c0a                BusFault_Handler
 .text.UsageFault_Handler
                0x08000c0c        0x2 ./Core/Src/stm32g4xx_it.o
                0x08000c0c                UsageFault_Handler
 .text.DebugMon_Handler
                0x08000c0e        0x2 ./Core/Src/stm32g4xx_it.o
                0x08000c0e                DebugMon_Handler
 .text.DMA1_Channel1_IRQHandler
                0x08000c10        0xc ./Core/Src/stm32g4xx_it.o
                0x08000c10                DMA1_Channel1_IRQHandler
 .text.TIM8_UP_IRQHandler
                0x08000c1c        0xc ./Core/Src/stm32g4xx_it.o
                0x08000c1c                TIM8_UP_IRQHandler
 .text.SystemInit
                0x08000c28       0x14 ./Core/Src/system_stm32g4xx.o
                0x08000c28                SystemInit
 .text.MX_USART1_UART_Init
                0x08000c3c       0x64 ./Core/Src/usart.o
                0x08000c3c                MX_USART1_UART_Init
 .text.MX_USART2_UART_Init
                0x08000ca0       0x64 ./Core/Src/usart.o
                0x08000ca0                MX_USART2_UART_Init
 .text.HAL_UART_MspInit
                0x08000d04      0x118 ./Core/Src/usart.o
                0x08000d04                HAL_UART_MspInit
 .text.Reset_Handler
                0x08000e1c       0x50 ./Core/Startup/startup_stm32g431k8tx.o
                0x08000e1c                Reset_Handler
 .text.Default_Handler
                0x08000e6c        0x2 ./Core/Startup/startup_stm32g431k8tx.o
                0x08000e6c                RTC_Alarm_IRQHandler
                0x08000e6c                EXTI2_IRQHandler
                0x08000e6c                TIM8_TRG_COM_IRQHandler
                0x08000e6c                TIM8_CC_IRQHandler
                0x08000e6c                TIM1_CC_IRQHandler
                0x08000e6c                USB_HP_IRQHandler
                0x08000e6c                CORDIC_IRQHandler
                0x08000e6c                EXTI3_IRQHandler
                0x08000e6c                I2C3_ER_IRQHandler
                0x08000e6c                EXTI0_IRQHandler
                0x08000e6c                I2C2_EV_IRQHandler
                0x08000e6c                FPU_IRQHandler
                0x08000e6c                FDCAN1_IT1_IRQHandler
                0x08000e6c                TIM1_UP_TIM16_IRQHandler
                0x08000e6c                ADC1_2_IRQHandler
                0x08000e6c                SPI1_IRQHandler
                0x08000e6c                TIM6_DAC_IRQHandler
                0x08000e6c                DMA2_Channel2_IRQHandler
                0x08000e6c                DMA1_Channel4_IRQHandler
                0x08000e6c                USART3_IRQHandler
                0x08000e6c                TIM4_IRQHandler
                0x08000e6c                DMA2_Channel1_IRQHandler
                0x08000e6c                I2C1_EV_IRQHandler
                0x08000e6c                DMA1_Channel6_IRQHandler
                0x08000e6c                UART4_IRQHandler
                0x08000e6c                DMA2_Channel4_IRQHandler
                0x08000e6c                TIM3_IRQHandler
                0x08000e6c                RCC_IRQHandler
                0x08000e6c                Default_Handler
                0x08000e6c                RTC_TAMP_LSECSS_IRQHandler
                0x08000e6c                FMAC_IRQHandler
                0x08000e6c                EXTI15_10_IRQHandler
                0x08000e6c                TIM7_IRQHandler
                0x08000e6c                UCPD1_IRQHandler
                0x08000e6c                I2C3_EV_IRQHandler
                0x08000e6c                EXTI9_5_IRQHandler
                0x08000e6c                RTC_WKUP_IRQHandler
                0x08000e6c                PVD_PVM_IRQHandler
                0x08000e6c                SPI2_IRQHandler
                0x08000e6c                DMA2_Channel5_IRQHandler
                0x08000e6c                CRS_IRQHandler
                0x08000e6c                DMA1_Channel5_IRQHandler
                0x08000e6c                USB_LP_IRQHandler
                0x08000e6c                EXTI4_IRQHandler
                0x08000e6c                RNG_IRQHandler
                0x08000e6c                TIM1_TRG_COM_TIM17_IRQHandler
                0x08000e6c                DMA1_Channel3_IRQHandler
                0x08000e6c                WWDG_IRQHandler
                0x08000e6c                LPUART1_IRQHandler
                0x08000e6c                DMA2_Channel6_IRQHandler
                0x08000e6c                FDCAN1_IT0_IRQHandler
                0x08000e6c                TIM2_IRQHandler
                0x08000e6c                COMP1_2_3_IRQHandler
                0x08000e6c                EXTI1_IRQHandler
                0x08000e6c                USART2_IRQHandler
                0x08000e6c                I2C2_ER_IRQHandler
                0x08000e6c                DMA1_Channel2_IRQHandler
                0x08000e6c                TIM8_BRK_IRQHandler
                0x08000e6c                FLASH_IRQHandler
                0x08000e6c                USART1_IRQHandler
                0x08000e6c                SPI3_IRQHandler
                0x08000e6c                I2C1_ER_IRQHandler
                0x08000e6c                LPTIM1_IRQHandler
                0x08000e6c                DMAMUX_OVR_IRQHandler
                0x08000e6c                USBWakeUp_IRQHandler
                0x08000e6c                SAI1_IRQHandler
                0x08000e6c                DMA2_Channel3_IRQHandler
                0x08000e6c                COMP4_IRQHandler
                0x08000e6c                TIM1_BRK_TIM15_IRQHandler
 .text.HAL_Init
                0x08000e6e       0x1e ./Drivers/STM32G4xx_HAL_Driver/Src/stm32g4xx_hal.o
                0x08000e6e                HAL_Init
 .text.HAL_IncTick
                0x08000e8c       0x18 ./Drivers/STM32G4xx_HAL_Driver/Src/stm32g4xx_hal.o
                0x08000e8c                HAL_IncTick
 .text.HAL_GetTick
                0x08000ea4        0xc ./Drivers/STM32G4xx_HAL_Driver/Src/stm32g4xx_hal.o
                0x08000ea4                HAL_GetTick
 .text.LL_ADC_SetChannelSamplingTime
                0x08000eb0       0x20 ./Drivers/STM32G4xx_HAL_Driver/Src/stm32g4xx_hal_adc.o
 .text.LL_ADC_IsEnabled
                0x08000ed0        0x8 ./Drivers/STM32G4xx_HAL_Driver/Src/stm32g4xx_hal_adc.o
 .text.LL_ADC_REG_IsConversionOngoing
                0x08000ed8        0x8 ./Drivers/STM32G4xx_HAL_Driver/Src/stm32g4xx_hal_adc.o
 .text.HAL_ADC_Init
                0x08000ee0      0x1e0 ./Drivers/STM32G4xx_HAL_Driver/Src/stm32g4xx_hal_adc.o
                0x08000ee0                HAL_ADC_Init
 .text.HAL_ADC_ConfigChannel
                0x080010c0      0x3a4 ./Drivers/STM32G4xx_HAL_Driver/Src/stm32g4xx_hal_adc.o
                0x080010c0                HAL_ADC_ConfigChannel
 .text.LL_ADC_IsEnabled
                0x08001464        0x8 ./Drivers/STM32G4xx_HAL_Driver/Src/stm32g4xx_hal_adc_ex.o
 .text.LL_ADC_REG_IsConversionOngoing
                0x0800146c        0x8 ./Drivers/STM32G4xx_HAL_Driver/Src/stm32g4xx_hal_adc_ex.o
 .text.HAL_ADCEx_MultiModeConfigChannel
                0x08001474       0xd0 ./Drivers/STM32G4xx_HAL_Driver/Src/stm32g4xx_hal_adc_ex.o
                0x08001474                HAL_ADCEx_MultiModeConfigChannel
 .text.HAL_NVIC_SetPriorityGrouping
                0x08001544       0x24 ./Drivers/STM32G4xx_HAL_Driver/Src/stm32g4xx_hal_cortex.o
                0x08001544                HAL_NVIC_SetPriorityGrouping
 .text.HAL_NVIC_SetPriority
                0x08001568       0x64 ./Drivers/STM32G4xx_HAL_Driver/Src/stm32g4xx_hal_cortex.o
                0x08001568                HAL_NVIC_SetPriority
 .text.HAL_NVIC_EnableIRQ
                0x080015cc       0x1c ./Drivers/STM32G4xx_HAL_Driver/Src/stm32g4xx_hal_cortex.o
                0x080015cc                HAL_NVIC_EnableIRQ
 .text.DMA_CalcDMAMUXChannelBaseAndMask
                0x080015e8       0x48 ./Drivers/STM32G4xx_HAL_Driver/Src/stm32g4xx_hal_dma.o
 .text.HAL_DMA_Init
                0x08001630       0xdc ./Drivers/STM32G4xx_HAL_Driver/Src/stm32g4xx_hal_dma.o
                0x08001630                HAL_DMA_Init
 .text.HAL_DMA_IRQHandler
                0x0800170c       0x94 ./Drivers/STM32G4xx_HAL_Driver/Src/stm32g4xx_hal_dma.o
                0x0800170c                HAL_DMA_IRQHandler
 .text.HAL_GPIO_Init
                0x080017a0      0x194 ./Drivers/STM32G4xx_HAL_Driver/Src/stm32g4xx_hal_gpio.o
                0x080017a0                HAL_GPIO_Init
 .text.HAL_GPIO_WritePin
                0x08001934        0xa ./Drivers/STM32G4xx_HAL_Driver/Src/stm32g4xx_hal_gpio.o
                0x08001934                HAL_GPIO_WritePin
 .text.HAL_I2C_Init
                0x0800193e       0xaa ./Drivers/STM32G4xx_HAL_Driver/Src/stm32g4xx_hal_i2c.o
                0x0800193e                HAL_I2C_Init
 .text.HAL_I2CEx_ConfigAnalogFilter
                0x080019e8       0x4c ./Drivers/STM32G4xx_HAL_Driver/Src/stm32g4xx_hal_i2c_ex.o
                0x080019e8                HAL_I2CEx_ConfigAnalogFilter
 .text.HAL_I2CEx_ConfigDigitalFilter
                0x08001a34       0x4a ./Drivers/STM32G4xx_HAL_Driver/Src/stm32g4xx_hal_i2c_ex.o
                0x08001a34                HAL_I2CEx_ConfigDigitalFilter
 *fill*         0x08001a7e        0x2 
 .text.HAL_PWREx_ControlVoltageScaling
                0x08001a80       0xb0 ./Drivers/STM32G4xx_HAL_Driver/Src/stm32g4xx_hal_pwr_ex.o
                0x08001a80                HAL_PWREx_ControlVoltageScaling
 .text.HAL_PWREx_DisableUCPDDeadBattery
                0x08001b30       0x10 ./Drivers/STM32G4xx_HAL_Driver/Src/stm32g4xx_hal_pwr_ex.o
                0x08001b30                HAL_PWREx_DisableUCPDDeadBattery
 .text.HAL_RCC_OscConfig
                0x08001b40      0x418 ./Drivers/STM32G4xx_HAL_Driver/Src/stm32g4xx_hal_rcc.o
                0x08001b40                HAL_RCC_OscConfig
 .text.HAL_RCC_GetSysClockFreq
                0x08001f58       0x6c ./Drivers/STM32G4xx_HAL_Driver/Src/stm32g4xx_hal_rcc.o
                0x08001f58                HAL_RCC_GetSysClockFreq
 .text.HAL_RCC_ClockConfig
                0x08001fc4      0x1e8 ./Drivers/STM32G4xx_HAL_Driver/Src/stm32g4xx_hal_rcc.o
                0x08001fc4                HAL_RCC_ClockConfig
 .text.HAL_RCC_GetPCLK1Freq
                0x080021ac       0x24 ./Drivers/STM32G4xx_HAL_Driver/Src/stm32g4xx_hal_rcc.o
                0x080021ac                HAL_RCC_GetPCLK1Freq
 .text.HAL_RCC_GetPCLK2Freq
                0x080021d0       0x24 ./Drivers/STM32G4xx_HAL_Driver/Src/stm32g4xx_hal_rcc.o
                0x080021d0                HAL_RCC_GetPCLK2Freq
 .text.HAL_RCC_GetClockConfig
                0x080021f4       0x3c ./Drivers/STM32G4xx_HAL_Driver/Src/stm32g4xx_hal_rcc.o
                0x080021f4                HAL_RCC_GetClockConfig
 .text.HAL_RCCEx_PeriphCLKConfig
                0x08002230      0x278 ./Drivers/STM32G4xx_HAL_Driver/Src/stm32g4xx_hal_rcc_ex.o
                0x08002230                HAL_RCCEx_PeriphCLKConfig
 .text.HAL_SPI_Init
                0x080024a8       0xdc ./Drivers/STM32G4xx_HAL_Driver/Src/stm32g4xx_hal_spi.o
                0x080024a8                HAL_SPI_Init
 .text.HAL_TIM_Base_MspInit
                0x08002584        0x2 ./Drivers/STM32G4xx_HAL_Driver/Src/stm32g4xx_hal_tim.o
                0x08002584                HAL_TIM_Base_MspInit
 *fill*         0x08002586        0x2 
 .text.HAL_TIM_Base_Start_IT
                0x08002588       0x6c ./Drivers/STM32G4xx_HAL_Driver/Src/stm32g4xx_hal_tim.o
                0x08002588                HAL_TIM_Base_Start_IT
 .text.HAL_TIM_OC_DelayElapsedCallback
                0x080025f4        0x2 ./Drivers/STM32G4xx_HAL_Driver/Src/stm32g4xx_hal_tim.o
                0x080025f4                HAL_TIM_OC_DelayElapsedCallback
 .text.HAL_TIM_IC_CaptureCallback
                0x080025f6        0x2 ./Drivers/STM32G4xx_HAL_Driver/Src/stm32g4xx_hal_tim.o
                0x080025f6                HAL_TIM_IC_CaptureCallback
 .text.HAL_TIM_PWM_PulseFinishedCallback
                0x080025f8        0x2 ./Drivers/STM32G4xx_HAL_Driver/Src/stm32g4xx_hal_tim.o
                0x080025f8                HAL_TIM_PWM_PulseFinishedCallback
 .text.HAL_TIM_TriggerCallback
                0x080025fa        0x2 ./Drivers/STM32G4xx_HAL_Driver/Src/stm32g4xx_hal_tim.o
                0x080025fa                HAL_TIM_TriggerCallback
 .text.HAL_TIM_IRQHandler
                0x080025fc      0x19e ./Drivers/STM32G4xx_HAL_Driver/Src/stm32g4xx_hal_tim.o
                0x080025fc                HAL_TIM_IRQHandler
 *fill*         0x0800279a        0x2 
 .text.TIM_Base_SetConfig
                0x0800279c       0xa8 ./Drivers/STM32G4xx_HAL_Driver/Src/stm32g4xx_hal_tim.o
                0x0800279c                TIM_Base_SetConfig
 .text.HAL_TIM_Base_Init
                0x08002844       0x60 ./Drivers/STM32G4xx_HAL_Driver/Src/stm32g4xx_hal_tim.o
                0x08002844                HAL_TIM_Base_Init
 .text.HAL_TIMEx_CommutCallback
                0x080028a4        0x2 ./Drivers/STM32G4xx_HAL_Driver/Src/stm32g4xx_hal_tim_ex.o
                0x080028a4                HAL_TIMEx_CommutCallback
 .text.HAL_TIMEx_BreakCallback
                0x080028a6        0x2 ./Drivers/STM32G4xx_HAL_Driver/Src/stm32g4xx_hal_tim_ex.o
                0x080028a6                HAL_TIMEx_BreakCallback
 .text.HAL_TIMEx_Break2Callback
                0x080028a8        0x2 ./Drivers/STM32G4xx_HAL_Driver/Src/stm32g4xx_hal_tim_ex.o
                0x080028a8                HAL_TIMEx_Break2Callback
 .text.HAL_TIMEx_EncoderIndexCallback
                0x080028aa        0x2 ./Drivers/STM32G4xx_HAL_Driver/Src/stm32g4xx_hal_tim_ex.o
                0x080028aa                HAL_TIMEx_EncoderIndexCallback
 .text.HAL_TIMEx_DirectionChangeCallback
                0x080028ac        0x2 ./Drivers/STM32G4xx_HAL_Driver/Src/stm32g4xx_hal_tim_ex.o
                0x080028ac                HAL_TIMEx_DirectionChangeCallback
 .text.HAL_TIMEx_IndexErrorCallback
                0x080028ae        0x2 ./Drivers/STM32G4xx_HAL_Driver/Src/stm32g4xx_hal_tim_ex.o
                0x080028ae                HAL_TIMEx_IndexErrorCallback
 .text.HAL_TIMEx_TransitionErrorCallback
                0x080028b0        0x2 ./Drivers/STM32G4xx_HAL_Driver/Src/stm32g4xx_hal_tim_ex.o
                0x080028b0                HAL_TIMEx_TransitionErrorCallback
 *fill*         0x080028b2        0x2 
 .text.UART_EndRxTransfer
                0x080028b4       0x58 ./Drivers/STM32G4xx_HAL_Driver/Src/stm32g4xx_hal_uart.o
 .text.HAL_UART_RxCpltCallback
                0x0800290c        0x2 ./Drivers/STM32G4xx_HAL_Driver/Src/stm32g4xx_hal_uart.o
                0x0800290c                HAL_UART_RxCpltCallback
 .text.HAL_UART_ErrorCallback
                0x0800290e        0x2 ./Drivers/STM32G4xx_HAL_Driver/Src/stm32g4xx_hal_uart.o
                0x0800290e                HAL_UART_ErrorCallback
 .text.HAL_UARTEx_RxEventCallback
                0x08002910        0x2 ./Drivers/STM32G4xx_HAL_Driver/Src/stm32g4xx_hal_uart.o
                0x08002910                HAL_UARTEx_RxEventCallback
 *fill*         0x08002912        0x2 
 .text.UART_RxISR_8BIT
                0x08002914       0xcc ./Drivers/STM32G4xx_HAL_Driver/Src/stm32g4xx_hal_uart.o
 .text.UART_RxISR_16BIT
                0x080029e0       0xc4 ./Drivers/STM32G4xx_HAL_Driver/Src/stm32g4xx_hal_uart.o
 .text.UART_RxISR_8BIT_FIFOEN
                0x08002aa4      0x1a0 ./Drivers/STM32G4xx_HAL_Driver/Src/stm32g4xx_hal_uart.o
 .text.UART_RxISR_16BIT_FIFOEN
                0x08002c44      0x198 ./Drivers/STM32G4xx_HAL_Driver/Src/stm32g4xx_hal_uart.o
 .text.UART_SetConfig
                0x08002ddc      0x230 ./Drivers/STM32G4xx_HAL_Driver/Src/stm32g4xx_hal_uart.o
                0x08002ddc                UART_SetConfig
 .text.UART_AdvFeatureConfig
                0x0800300c       0xa8 ./Drivers/STM32G4xx_HAL_Driver/Src/stm32g4xx_hal_uart.o
                0x0800300c                UART_AdvFeatureConfig
 .text.UART_WaitOnFlagUntilTimeout
                0x080030b4       0x90 ./Drivers/STM32G4xx_HAL_Driver/Src/stm32g4xx_hal_uart.o
                0x080030b4                UART_WaitOnFlagUntilTimeout
 .text.UART_CheckIdleState
                0x08003144       0xb6 ./Drivers/STM32G4xx_HAL_Driver/Src/stm32g4xx_hal_uart.o
                0x08003144                UART_CheckIdleState
 .text.HAL_UART_Init
                0x080031fa       0x60 ./Drivers/STM32G4xx_HAL_Driver/Src/stm32g4xx_hal_uart.o
                0x080031fa                HAL_UART_Init
 *fill*         0x0800325a        0x2 
 .text.UART_Start_Receive_IT
                0x0800325c      0x114 ./Drivers/STM32G4xx_HAL_Driver/Src/stm32g4xx_hal_uart.o
                0x0800325c                UART_Start_Receive_IT
 .text.HAL_UART_Receive_IT
                0x08003370       0x44 ./Drivers/STM32G4xx_HAL_Driver/Src/stm32g4xx_hal_uart.o
                0x08003370                HAL_UART_Receive_IT
 .text.UARTEx_SetNbDataToProcess
                0x080033b4       0x44 ./Drivers/STM32G4xx_HAL_Driver/Src/stm32g4xx_hal_uart_ex.o
 .text.HAL_UARTEx_DisableFifoMode
                0x080033f8       0x36 ./Drivers/STM32G4xx_HAL_Driver/Src/stm32g4xx_hal_uart_ex.o
                0x080033f8                HAL_UARTEx_DisableFifoMode
 .text.HAL_UARTEx_SetTxFifoThreshold
                0x0800342e       0x40 ./Drivers/STM32G4xx_HAL_Driver/Src/stm32g4xx_hal_uart_ex.o
                0x0800342e                HAL_UARTEx_SetTxFifoThreshold
 .text.HAL_UARTEx_SetRxFifoThreshold
                0x0800346e       0x40 ./Drivers/STM32G4xx_HAL_Driver/Src/stm32g4xx_hal_uart_ex.o
                0x0800346e                HAL_UARTEx_SetRxFifoThreshold
 .text.SysTick_Handler
                0x080034ae       0x1a ./Middlewares/Third_Party/FreeRTOS/Source/CMSIS_RTOS_V2/cmsis_os2.o
                0x080034ae                SysTick_Handler
 .text.osKernelInitialize
                0x080034c8       0x24 ./Middlewares/Third_Party/FreeRTOS/Source/CMSIS_RTOS_V2/cmsis_os2.o
                0x080034c8                osKernelInitialize
 .text.osKernelStart
                0x080034ec       0x34 ./Middlewares/Third_Party/FreeRTOS/Source/CMSIS_RTOS_V2/cmsis_os2.o
                0x080034ec                osKernelStart
 .text.osThreadNew
                0x08003520       0x88 ./Middlewares/Third_Party/FreeRTOS/Source/CMSIS_RTOS_V2/cmsis_os2.o
                0x08003520                osThreadNew
 .text.osDelay  0x080035a8       0x18 ./Middlewares/Third_Party/FreeRTOS/Source/CMSIS_RTOS_V2/cmsis_os2.o
                0x080035a8                osDelay
 .text.vApplicationGetIdleTaskMemory
                0x080035c0       0x18 ./Middlewares/Third_Party/FreeRTOS/Source/CMSIS_RTOS_V2/cmsis_os2.o
                0x080035c0                vApplicationGetIdleTaskMemory
 .text.vApplicationGetTimerTaskMemory
                0x080035d8       0x18 ./Middlewares/Third_Party/FreeRTOS/Source/CMSIS_RTOS_V2/cmsis_os2.o
                0x080035d8                vApplicationGetTimerTaskMemory
 .text.vListInitialise
                0x080035f0       0x16 ./Middlewares/Third_Party/FreeRTOS/Source/list.o
                0x080035f0                vListInitialise
 .text.vListInitialiseItem
                0x08003606        0x6 ./Middlewares/Third_Party/FreeRTOS/Source/list.o
                0x08003606                vListInitialiseItem
 .text.vListInsertEnd
                0x0800360c       0x16 ./Middlewares/Third_Party/FreeRTOS/Source/list.o
                0x0800360c                vListInsertEnd
 .text.vListInsert
                0x08003622       0x2e ./Middlewares/Third_Party/FreeRTOS/Source/list.o
                0x08003622                vListInsert
 .text.uxListRemove
                0x08003650       0x20 ./Middlewares/Third_Party/FreeRTOS/Source/list.o
                0x08003650                uxListRemove
 .text.prvIsQueueEmpty
                0x08003670       0x16 ./Middlewares/Third_Party/FreeRTOS/Source/queue.o
 .text.prvCopyDataToQueue
                0x08003686       0x66 ./Middlewares/Third_Party/FreeRTOS/Source/queue.o
 .text.prvCopyDataFromQueue
                0x080036ec       0x2c ./Middlewares/Third_Party/FreeRTOS/Source/queue.o
 .text.prvUnlockQueue
                0x08003718       0x6c ./Middlewares/Third_Party/FreeRTOS/Source/queue.o
 .text.xQueueGenericReset
                0x08003784       0x7e ./Middlewares/Third_Party/FreeRTOS/Source/queue.o
                0x08003784                xQueueGenericReset
 .text.xQueueGenericCreateStatic
                0x08003802       0x9c ./Middlewares/Third_Party/FreeRTOS/Source/queue.o
                0x08003802                xQueueGenericCreateStatic
 .text.xQueueGenericSend
                0x0800389e      0x164 ./Middlewares/Third_Party/FreeRTOS/Source/queue.o
                0x0800389e                xQueueGenericSend
 .text.xQueueGenericSendFromISR
                0x08003a02       0xba ./Middlewares/Third_Party/FreeRTOS/Source/queue.o
                0x08003a02                xQueueGenericSendFromISR
 .text.xQueueReceive
                0x08003abc      0x13c ./Middlewares/Third_Party/FreeRTOS/Source/queue.o
                0x08003abc                xQueueReceive
 .text.vQueueAddToRegistry
                0x08003bf8       0x24 ./Middlewares/Third_Party/FreeRTOS/Source/queue.o
                0x08003bf8                vQueueAddToRegistry
 .text.vQueueWaitForMessageRestricted
                0x08003c1c       0x46 ./Middlewares/Third_Party/FreeRTOS/Source/queue.o
                0x08003c1c                vQueueWaitForMessageRestricted
 *fill*         0x08003c62        0x2 
 .text.prvAddNewTaskToReadyList
                0x08003c64      0x100 ./Middlewares/Third_Party/FreeRTOS/Source/tasks.o
 .text.prvAddCurrentTaskToDelayedList
                0x08003d64       0x70 ./Middlewares/Third_Party/FreeRTOS/Source/tasks.o
 .text.prvResetNextTaskUnblockTime
                0x08003dd4       0x24 ./Middlewares/Third_Party/FreeRTOS/Source/tasks.o
 .text.prvDeleteTCB
                0x08003df8       0x36 ./Middlewares/Third_Party/FreeRTOS/Source/tasks.o
 *fill*         0x08003e2e        0x2 
 .text.prvIdleTask
                0x08003e30       0x60 ./Middlewares/Third_Party/FreeRTOS/Source/tasks.o
 .text.prvInitialiseNewTask.constprop.0
                0x08003e90       0x96 ./Middlewares/Third_Party/FreeRTOS/Source/tasks.o
 .text.xTaskCreateStatic
                0x08003f26       0x70 ./Middlewares/Third_Party/FreeRTOS/Source/tasks.o
                0x08003f26                xTaskCreateStatic
 .text.xTaskCreate
                0x08003f96       0x5c ./Middlewares/Third_Party/FreeRTOS/Source/tasks.o
                0x08003f96                xTaskCreate
 *fill*         0x08003ff2        0x2 
 .text.vTaskStartScheduler
                0x08003ff4       0x8c ./Middlewares/Third_Party/FreeRTOS/Source/tasks.o
                0x08003ff4                vTaskStartScheduler
 .text.vTaskSuspendAll
                0x08004080       0x10 ./Middlewares/Third_Party/FreeRTOS/Source/tasks.o
                0x08004080                vTaskSuspendAll
 .text.xTaskGetTickCount
                0x08004090        0xc ./Middlewares/Third_Party/FreeRTOS/Source/tasks.o
                0x08004090                xTaskGetTickCount
 .text.xTaskIncrementTick
                0x0800409c      0x12c ./Middlewares/Third_Party/FreeRTOS/Source/tasks.o
                0x0800409c                xTaskIncrementTick
 .text.xTaskResumeAll
                0x080041c8       0xe8 ./Middlewares/Third_Party/FreeRTOS/Source/tasks.o
                0x080041c8                xTaskResumeAll
 .text.vTaskDelay
                0x080042b0       0x48 ./Middlewares/Third_Party/FreeRTOS/Source/tasks.o
                0x080042b0                vTaskDelay
 .text.vTaskSwitchContext
                0x080042f8       0x74 ./Middlewares/Third_Party/FreeRTOS/Source/tasks.o
                0x080042f8                vTaskSwitchContext
 .text.vTaskPlaceOnEventList
                0x0800436c       0x34 ./Middlewares/Third_Party/FreeRTOS/Source/tasks.o
                0x0800436c                vTaskPlaceOnEventList
 .text.vTaskPlaceOnEventListRestricted
                0x080043a0       0x3c ./Middlewares/Third_Party/FreeRTOS/Source/tasks.o
                0x080043a0                vTaskPlaceOnEventListRestricted
 .text.xTaskRemoveFromEventList
                0x080043dc       0x80 ./Middlewares/Third_Party/FreeRTOS/Source/tasks.o
                0x080043dc                xTaskRemoveFromEventList
 .text.vTaskInternalSetTimeOutState
                0x0800445c       0x18 ./Middlewares/Third_Party/FreeRTOS/Source/tasks.o
                0x0800445c                vTaskInternalSetTimeOutState
 .text.xTaskCheckForTimeOut
                0x08004474       0x78 ./Middlewares/Third_Party/FreeRTOS/Source/tasks.o
                0x08004474                xTaskCheckForTimeOut
 .text.vTaskMissedYield
                0x080044ec        0xc ./Middlewares/Third_Party/FreeRTOS/Source/tasks.o
                0x080044ec                vTaskMissedYield
 .text.xTaskGetSchedulerState
                0x080044f8       0x20 ./Middlewares/Third_Party/FreeRTOS/Source/tasks.o
                0x080044f8                xTaskGetSchedulerState
 .text.xTaskPriorityDisinherit
                0x08004518       0x84 ./Middlewares/Third_Party/FreeRTOS/Source/tasks.o
                0x08004518                xTaskPriorityDisinherit
 .text.prvInsertTimerInActiveList
                0x0800459c       0x3c ./Middlewares/Third_Party/FreeRTOS/Source/timers.o
 .text.prvCheckForValidListAndQueue
                0x080045d8       0x68 ./Middlewares/Third_Party/FreeRTOS/Source/timers.o
 .text.xTimerCreateTimerTask
                0x08004640       0x64 ./Middlewares/Third_Party/FreeRTOS/Source/timers.o
                0x08004640                xTimerCreateTimerTask
 .text.xTimerGenericCommand
                0x080046a4       0x58 ./Middlewares/Third_Party/FreeRTOS/Source/timers.o
                0x080046a4                xTimerGenericCommand
 .text.prvSampleTimeNow
                0x080046fc       0xa4 ./Middlewares/Third_Party/FreeRTOS/Source/timers.o
 .text.prvTimerTask
                0x080047a0      0x1cc ./Middlewares/Third_Party/FreeRTOS/Source/timers.o
 .text.prvPortStartFirstTask
                0x0800496c       0x28 ./Middlewares/Third_Party/FreeRTOS/Source/portable/GCC/ARM_CM4F/port.o
 .text.vPortEnableVFP
                0x08004994       0x14 ./Middlewares/Third_Party/FreeRTOS/Source/portable/GCC/ARM_CM4F/port.o
 .text.prvTaskExitError
                0x080049a8       0x40 ./Middlewares/Third_Party/FreeRTOS/Source/portable/GCC/ARM_CM4F/port.o
 .text.pxPortInitialiseStack
                0x080049e8       0x2c ./Middlewares/Third_Party/FreeRTOS/Source/portable/GCC/ARM_CM4F/port.o
                0x080049e8                pxPortInitialiseStack
 *fill*         0x08004a14        0xc 
 .text.SVC_Handler
                0x08004a20       0x24 ./Middlewares/Third_Party/FreeRTOS/Source/portable/GCC/ARM_CM4F/port.o
                0x08004a20                SVC_Handler
 .text.vPortEnterCritical
                0x08004a44       0x40 ./Middlewares/Third_Party/FreeRTOS/Source/portable/GCC/ARM_CM4F/port.o
                0x08004a44                vPortEnterCritical
 .text.vPortExitCritical
                0x08004a84       0x28 ./Middlewares/Third_Party/FreeRTOS/Source/portable/GCC/ARM_CM4F/port.o
                0x08004a84                vPortExitCritical
 *fill*         0x08004aac        0x4 
 .text.PendSV_Handler
                0x08004ab0       0x64 ./Middlewares/Third_Party/FreeRTOS/Source/portable/GCC/ARM_CM4F/port.o
                0x08004ab0                PendSV_Handler
 .text.xPortSysTickHandler
                0x08004b14       0x2c ./Middlewares/Third_Party/FreeRTOS/Source/portable/GCC/ARM_CM4F/port.o
                0x08004b14                xPortSysTickHandler
 .text.vPortSetupTimerInterrupt
                0x08004b40       0x24 ./Middlewares/Third_Party/FreeRTOS/Source/portable/GCC/ARM_CM4F/port.o
                0x08004b40                vPortSetupTimerInterrupt
 .text.xPortStartScheduler
                0x08004b64      0x104 ./Middlewares/Third_Party/FreeRTOS/Source/portable/GCC/ARM_CM4F/port.o
                0x08004b64                xPortStartScheduler
 .text.vPortValidateInterruptPriority
                0x08004c68       0x5c ./Middlewares/Third_Party/FreeRTOS/Source/portable/GCC/ARM_CM4F/port.o
                0x08004c68                vPortValidateInterruptPriority
 .text.prvInsertBlockIntoFreeList
                0x08004cc4       0x4c ./Middlewares/Third_Party/FreeRTOS/Source/portable/MemMang/heap_4.o
 .text.pvPortMalloc
                0x08004d10      0x130 ./Middlewares/Third_Party/FreeRTOS/Source/portable/MemMang/heap_4.o
                0x08004d10                pvPortMalloc
 .text.vPortFree
                0x08004e40       0x7c ./Middlewares/Third_Party/FreeRTOS/Source/portable/MemMang/heap_4.o
                0x08004e40                vPortFree
 .text.memset   0x08004ebc       0x10 D:/ST/STM32CubeIDE_1.19.0/STM32CubeIDE/plugins/com.st.stm32cube.ide.mcu.externaltools.gnu-tools-for-stm32.13.3.rel1.win32_1.0.0.202411081344/tools/bin/../lib/gcc/arm-none-eabi/13.3.1/../../../../arm-none-eabi/lib/thumb/v7e-m+fp/hard\libc_nano.a(libc_a-memset.o)
                0x08004ebc                memset
 .text.__libc_init_array
                0x08004ecc       0x48 D:/ST/STM32CubeIDE_1.19.0/STM32CubeIDE/plugins/com.st.stm32cube.ide.mcu.externaltools.gnu-tools-for-stm32.13.3.rel1.win32_1.0.0.202411081344/tools/bin/../lib/gcc/arm-none-eabi/13.3.1/../../../../arm-none-eabi/lib/thumb/v7e-m+fp/hard\libc_nano.a(libc_a-init.o)
                0x08004ecc                __libc_init_array
 .text.memcpy   0x08004f14       0x1c D:/ST/STM32CubeIDE_1.19.0/STM32CubeIDE/plugins/com.st.stm32cube.ide.mcu.externaltools.gnu-tools-for-stm32.13.3.rel1.win32_1.0.0.202411081344/tools/bin/../lib/gcc/arm-none-eabi/13.3.1/../../../../arm-none-eabi/lib/thumb/v7e-m+fp/hard\libc_nano.a(libc_a-memcpy-stub.o)
                0x08004f14                memcpy
 *(.glue_7)
 .glue_7        0x08004f30        0x0 linker stubs
 *(.glue_7t)
 .glue_7t       0x08004f30        0x0 linker stubs
 *(.eh_frame)
 .eh_frame      0x08004f30        0x0 D:/ST/STM32CubeIDE_1.19.0/STM32CubeIDE/plugins/com.st.stm32cube.ide.mcu.externaltools.gnu-tools-for-stm32.13.3.rel1.win32_1.0.0.202411081344/tools/bin/../lib/gcc/arm-none-eabi/13.3.1/thumb/v7e-m+fp/hard/crtbegin.o
 *(.init)
 .init          0x08004f30        0x4 D:/ST/STM32CubeIDE_1.19.0/STM32CubeIDE/plugins/com.st.stm32cube.ide.mcu.externaltools.gnu-tools-for-stm32.13.3.rel1.win32_1.0.0.202411081344/tools/bin/../lib/gcc/arm-none-eabi/13.3.1/thumb/v7e-m+fp/hard/crti.o
                0x08004f30                _init
 .init          0x08004f34        0x8 D:/ST/STM32CubeIDE_1.19.0/STM32CubeIDE/plugins/com.st.stm32cube.ide.mcu.externaltools.gnu-tools-for-stm32.13.3.rel1.win32_1.0.0.202411081344/tools/bin/../lib/gcc/arm-none-eabi/13.3.1/thumb/v7e-m+fp/hard/crtn.o
 *(.fini)
 .fini          0x08004f3c        0x4 D:/ST/STM32CubeIDE_1.19.0/STM32CubeIDE/plugins/com.st.stm32cube.ide.mcu.externaltools.gnu-tools-for-stm32.13.3.rel1.win32_1.0.0.202411081344/tools/bin/../lib/gcc/arm-none-eabi/13.3.1/thumb/v7e-m+fp/hard/crti.o
                0x08004f3c                _fini
 .fini          0x08004f40        0x8 D:/ST/STM32CubeIDE_1.19.0/STM32CubeIDE/plugins/com.st.stm32cube.ide.mcu.externaltools.gnu-tools-for-stm32.13.3.rel1.win32_1.0.0.202411081344/tools/bin/../lib/gcc/arm-none-eabi/13.3.1/thumb/v7e-m+fp/hard/crtn.o
                0x08004f48                        . = ALIGN (0x4)
                0x08004f48                        _etext = .

.vfp11_veneer   0x08004f48        0x0
 .vfp11_veneer  0x08004f48        0x0 linker stubs

.v4_bx          0x08004f48        0x0
 .v4_bx         0x08004f48        0x0 linker stubs

.iplt           0x08004f48        0x0
 .iplt          0x08004f48        0x0 D:/ST/STM32CubeIDE_1.19.0/STM32CubeIDE/plugins/com.st.stm32cube.ide.mcu.externaltools.gnu-tools-for-stm32.13.3.rel1.win32_1.0.0.202411081344/tools/bin/../lib/gcc/arm-none-eabi/13.3.1/thumb/v7e-m+fp/hard/crtbegin.o

.rodata         0x08004f48       0x84
                0x08004f48                        . = ALIGN (0x4)
 *(.rodata)
 *(.rodata*)
 .rodata.str1.1
                0x08004f48       0x1e ./Core/Src/app_freertos.o
                                  0xc (size before relaxing)
 *fill*         0x08004f66        0x2 
 .rodata.defaultTask_attributes
                0x08004f68       0x24 ./Core/Src/app_freertos.o
                0x08004f68                defaultTask_attributes
 .rodata.APBPrescTable
                0x08004f8c        0x8 ./Core/Src/system_stm32g4xx.o
                0x08004f8c                APBPrescTable
 .rodata.AHBPrescTable
                0x08004f94       0x10 ./Core/Src/system_stm32g4xx.o
                0x08004f94                AHBPrescTable
 .rodata.UARTPrescTable
                0x08004fa4       0x18 ./Drivers/STM32G4xx_HAL_Driver/Src/stm32g4xx_hal_uart.o
                0x08004fa4                UARTPrescTable
 .rodata.denominator.0
                0x08004fbc        0x8 ./Drivers/STM32G4xx_HAL_Driver/Src/stm32g4xx_hal_uart_ex.o
 .rodata.numerator.1
                0x08004fc4        0x8 ./Drivers/STM32G4xx_HAL_Driver/Src/stm32g4xx_hal_uart_ex.o
 .rodata.vTaskStartScheduler.str1.1
                0x08004fcc        0x5 ./Middlewares/Third_Party/FreeRTOS/Source/tasks.o
 .rodata.prvCheckForValidListAndQueue.str1.1
                0x08004fcc        0x5 ./Middlewares/Third_Party/FreeRTOS/Source/timers.o
 .rodata.xTimerCreateTimerTask.str1.1
                0x08004fcc        0x8 ./Middlewares/Third_Party/FreeRTOS/Source/timers.o
                0x08004fd4                        . = ALIGN (0x4)

.ARM.extab      0x08004fcc        0x0
                0x08004fcc                        . = ALIGN (0x4)
 *(.ARM.extab* .gnu.linkonce.armextab.*)
                0x08004fcc                        . = ALIGN (0x4)

.ARM            0x08004fcc        0x8
                0x08004fcc                        . = ALIGN (0x4)
                0x08004fcc                        __exidx_start = .
 *(.ARM.exidx*)
 .ARM.exidx     0x08004fcc        0x8 D:/ST/STM32CubeIDE_1.19.0/STM32CubeIDE/plugins/com.st.stm32cube.ide.mcu.externaltools.gnu-tools-for-stm32.13.3.rel1.win32_1.0.0.202411081344/tools/bin/../lib/gcc/arm-none-eabi/13.3.1/thumb/v7e-m+fp/hard\libgcc.a(_udivmoddi4.o)
                0x08004fd4                        __exidx_end = .
                0x08004fd4                        . = ALIGN (0x4)

.preinit_array  0x08004fd4        0x0
                0x08004fd4                        . = ALIGN (0x4)
                0x08004fd4                        PROVIDE (__preinit_array_start = .)
 *(.preinit_array*)
                0x08004fd4                        PROVIDE (__preinit_array_end = .)
                0x08004fd4                        . = ALIGN (0x4)

.init_array     0x08004fd4        0x4
                0x08004fd4                        . = ALIGN (0x4)
                0x08004fd4                        PROVIDE (__init_array_start = .)
 *(SORT_BY_NAME(.init_array.*))
 *(.init_array*)
 .init_array    0x08004fd4        0x4 D:/ST/STM32CubeIDE_1.19.0/STM32CubeIDE/plugins/com.st.stm32cube.ide.mcu.externaltools.gnu-tools-for-stm32.13.3.rel1.win32_1.0.0.202411081344/tools/bin/../lib/gcc/arm-none-eabi/13.3.1/thumb/v7e-m+fp/hard/crtbegin.o
                0x08004fd8                        PROVIDE (__init_array_end = .)
                0x08004fd8                        . = ALIGN (0x4)

.fini_array     0x08004fd8        0x4
                0x08004fd8                        . = ALIGN (0x4)
                [!provide]                        PROVIDE (__fini_array_start = .)
 *(SORT_BY_NAME(.fini_array.*))
 *(.fini_array*)
 .fini_array    0x08004fd8        0x4 D:/ST/STM32CubeIDE_1.19.0/STM32CubeIDE/plugins/com.st.stm32cube.ide.mcu.externaltools.gnu-tools-for-stm32.13.3.rel1.win32_1.0.0.202411081344/tools/bin/../lib/gcc/arm-none-eabi/13.3.1/thumb/v7e-m+fp/hard/crtbegin.o
                [!provide]                        PROVIDE (__fini_array_end = .)
                0x08004fdc                        . = ALIGN (0x4)
                0x08004fdc                        _sidata = LOADADDR (.data)

.rel.dyn        0x08004fdc        0x0
 .rel.iplt      0x08004fdc        0x0 D:/ST/STM32CubeIDE_1.19.0/STM32CubeIDE/plugins/com.st.stm32cube.ide.mcu.externaltools.gnu-tools-for-stm32.13.3.rel1.win32_1.0.0.202411081344/tools/bin/../lib/gcc/arm-none-eabi/13.3.1/thumb/v7e-m+fp/hard/crtbegin.o

.data           0x20000000       0x10 load address 0x08004fdc
                0x20000000                        . = ALIGN (0x4)
                0x20000000                        _sdata = .
 *(.data)
 *(.data*)
 .data.SystemCoreClock
                0x20000000        0x4 ./Core/Src/system_stm32g4xx.o
                0x20000000                SystemCoreClock
 .data.uwTickFreq
                0x20000004        0x4 ./Drivers/STM32G4xx_HAL_Driver/Src/stm32g4xx_hal.o
                0x20000004                uwTickFreq
 .data.uwTickPrio
                0x20000008        0x4 ./Drivers/STM32G4xx_HAL_Driver/Src/stm32g4xx_hal.o
                0x20000008                uwTickPrio
 .data.uxCriticalNesting
                0x2000000c        0x4 ./Middlewares/Third_Party/FreeRTOS/Source/portable/GCC/ARM_CM4F/port.o
 *(.RamFunc)
 *(.RamFunc*)
                0x20000010                        . = ALIGN (0x4)
                0x20000010                        _edata = .

.igot.plt       0x20000010        0x0 load address 0x08004fec
 .igot.plt      0x20000010        0x0 D:/ST/STM32CubeIDE_1.19.0/STM32CubeIDE/plugins/com.st.stm32cube.ide.mcu.externaltools.gnu-tools-for-stm32.13.3.rel1.win32_1.0.0.202411081344/tools/bin/../lib/gcc/arm-none-eabi/13.3.1/thumb/v7e-m+fp/hard/crtbegin.o
                0x20000010                        . = ALIGN (0x4)

.bss            0x20000010     0x1d3c load address 0x08004fec
                0x20000010                        _sbss = .
                0x20000010                        __bss_start__ = _sbss
 *(.bss)
 .bss           0x20000010       0x1c D:/ST/STM32CubeIDE_1.19.0/STM32CubeIDE/plugins/com.st.stm32cube.ide.mcu.externaltools.gnu-tools-for-stm32.13.3.rel1.win32_1.0.0.202411081344/tools/bin/../lib/gcc/arm-none-eabi/13.3.1/thumb/v7e-m+fp/hard/crtbegin.o
 *(.bss*)
 .bss.hadc1     0x2000002c       0x6c ./Core/Src/adc.o
                0x2000002c                hadc1
 .bss.defaultTaskHandle
                0x20000098        0x4 ./Core/Src/app_freertos.o
                0x20000098                defaultTaskHandle
 .bss.hi2c3     0x2000009c       0x54 ./Core/Src/i2c.o
                0x2000009c                hi2c3
 .bss.hi2c1     0x200000f0       0x54 ./Core/Src/i2c.o
                0x200000f0                hi2c1
 .bss.hspi1     0x20000144       0x64 ./Core/Src/spi.o
                0x20000144                hspi1
 .bss.htim8     0x200001a8       0x4c ./Core/Src/stm32g4xx_hal_timebase_tim.o
                0x200001a8                htim8
 .bss.uart_rx_buf
                0x200001f4       0x80 ./Core/Src/uart_command.o
                0x200001f4                uart_rx_buf
 .bss.hdma_usart2_tx
                0x20000274       0x60 ./Core/Src/usart.o
                0x20000274                hdma_usart2_tx
 .bss.huart2    0x200002d4       0x94 ./Core/Src/usart.o
                0x200002d4                huart2
 .bss.huart1    0x20000368       0x94 ./Core/Src/usart.o
                0x20000368                huart1
 .bss.uwTick    0x200003fc        0x4 ./Drivers/STM32G4xx_HAL_Driver/Src/stm32g4xx_hal.o
                0x200003fc                uwTick
 .bss.Timer_Stack.0
                0x20000400      0x400 ./Middlewares/Third_Party/FreeRTOS/Source/CMSIS_RTOS_V2/cmsis_os2.o
 .bss.Timer_TCB.1
                0x20000800       0x5c ./Middlewares/Third_Party/FreeRTOS/Source/CMSIS_RTOS_V2/cmsis_os2.o
 .bss.Idle_Stack.2
                0x2000085c      0x200 ./Middlewares/Third_Party/FreeRTOS/Source/CMSIS_RTOS_V2/cmsis_os2.o
 .bss.Idle_TCB.3
                0x20000a5c       0x5c ./Middlewares/Third_Party/FreeRTOS/Source/CMSIS_RTOS_V2/cmsis_os2.o
 .bss.KernelState
                0x20000ab8        0x4 ./Middlewares/Third_Party/FreeRTOS/Source/CMSIS_RTOS_V2/cmsis_os2.o
 .bss.xQueueRegistry
                0x20000abc       0x40 ./Middlewares/Third_Party/FreeRTOS/Source/queue.o
                0x20000abc                xQueueRegistry
 .bss.uxSchedulerSuspended
                0x20000afc        0x4 ./Middlewares/Third_Party/FreeRTOS/Source/tasks.o
 .bss.xNextTaskUnblockTime
                0x20000b00        0x4 ./Middlewares/Third_Party/FreeRTOS/Source/tasks.o
 .bss.uxTaskNumber
                0x20000b04        0x4 ./Middlewares/Third_Party/FreeRTOS/Source/tasks.o
 .bss.xNumOfOverflows
                0x20000b08        0x4 ./Middlewares/Third_Party/FreeRTOS/Source/tasks.o
 .bss.xYieldPending
                0x20000b0c        0x4 ./Middlewares/Third_Party/FreeRTOS/Source/tasks.o
 .bss.xPendedTicks
                0x20000b10        0x4 ./Middlewares/Third_Party/FreeRTOS/Source/tasks.o
 .bss.xSchedulerRunning
                0x20000b14        0x4 ./Middlewares/Third_Party/FreeRTOS/Source/tasks.o
 .bss.uxTopReadyPriority
                0x20000b18        0x4 ./Middlewares/Third_Party/FreeRTOS/Source/tasks.o
 .bss.xTickCount
                0x20000b1c        0x4 ./Middlewares/Third_Party/FreeRTOS/Source/tasks.o
 .bss.uxCurrentNumberOfTasks
                0x20000b20        0x4 ./Middlewares/Third_Party/FreeRTOS/Source/tasks.o
 .bss.xSuspendedTaskList
                0x20000b24       0x14 ./Middlewares/Third_Party/FreeRTOS/Source/tasks.o
 .bss.uxDeletedTasksWaitingCleanUp
                0x20000b38        0x4 ./Middlewares/Third_Party/FreeRTOS/Source/tasks.o
 .bss.xTasksWaitingTermination
                0x20000b3c       0x14 ./Middlewares/Third_Party/FreeRTOS/Source/tasks.o
 .bss.xPendingReadyList
                0x20000b50       0x14 ./Middlewares/Third_Party/FreeRTOS/Source/tasks.o
 .bss.pxOverflowDelayedTaskList
                0x20000b64        0x4 ./Middlewares/Third_Party/FreeRTOS/Source/tasks.o
 .bss.pxDelayedTaskList
                0x20000b68        0x4 ./Middlewares/Third_Party/FreeRTOS/Source/tasks.o
 .bss.xDelayedTaskList2
                0x20000b6c       0x14 ./Middlewares/Third_Party/FreeRTOS/Source/tasks.o
 .bss.xDelayedTaskList1
                0x20000b80       0x14 ./Middlewares/Third_Party/FreeRTOS/Source/tasks.o
 .bss.pxReadyTasksLists
                0x20000b94      0x460 ./Middlewares/Third_Party/FreeRTOS/Source/tasks.o
 .bss.pxCurrentTCB
                0x20000ff4        0x4 ./Middlewares/Third_Party/FreeRTOS/Source/tasks.o
                0x20000ff4                pxCurrentTCB
 .bss.xStaticTimerQueue.0
                0x20000ff8       0x50 ./Middlewares/Third_Party/FreeRTOS/Source/timers.o
 .bss.ucStaticTimerQueueStorage.1
                0x20001048       0xa0 ./Middlewares/Third_Party/FreeRTOS/Source/timers.o
 .bss.xLastTime.2
                0x200010e8        0x4 ./Middlewares/Third_Party/FreeRTOS/Source/timers.o
 .bss.xTimerTaskHandle
                0x200010ec        0x4 ./Middlewares/Third_Party/FreeRTOS/Source/timers.o
 .bss.xTimerQueue
                0x200010f0        0x4 ./Middlewares/Third_Party/FreeRTOS/Source/timers.o
 .bss.pxOverflowTimerList
                0x200010f4        0x4 ./Middlewares/Third_Party/FreeRTOS/Source/timers.o
 .bss.pxCurrentTimerList
                0x200010f8        0x4 ./Middlewares/Third_Party/FreeRTOS/Source/timers.o
 .bss.xActiveTimerList2
                0x200010fc       0x14 ./Middlewares/Third_Party/FreeRTOS/Source/timers.o
 .bss.xActiveTimerList1
                0x20001110       0x14 ./Middlewares/Third_Party/FreeRTOS/Source/timers.o
 .bss.ulMaxPRIGROUPValue
                0x20001124        0x4 ./Middlewares/Third_Party/FreeRTOS/Source/portable/GCC/ARM_CM4F/port.o
 .bss.ucMaxSysCallPriority
                0x20001128        0x1 ./Middlewares/Third_Party/FreeRTOS/Source/portable/GCC/ARM_CM4F/port.o
 *fill*         0x20001129        0x3 
 .bss.xBlockAllocatedBit
                0x2000112c        0x4 ./Middlewares/Third_Party/FreeRTOS/Source/portable/MemMang/heap_4.o
 .bss.xNumberOfSuccessfulFrees
                0x20001130        0x4 ./Middlewares/Third_Party/FreeRTOS/Source/portable/MemMang/heap_4.o
 .bss.xNumberOfSuccessfulAllocations
                0x20001134        0x4 ./Middlewares/Third_Party/FreeRTOS/Source/portable/MemMang/heap_4.o
 .bss.xMinimumEverFreeBytesRemaining
                0x20001138        0x4 ./Middlewares/Third_Party/FreeRTOS/Source/portable/MemMang/heap_4.o
 .bss.xFreeBytesRemaining
                0x2000113c        0x4 ./Middlewares/Third_Party/FreeRTOS/Source/portable/MemMang/heap_4.o
 .bss.pxEnd     0x20001140        0x4 ./Middlewares/Third_Party/FreeRTOS/Source/portable/MemMang/heap_4.o
 .bss.xStart    0x20001144        0x8 ./Middlewares/Third_Party/FreeRTOS/Source/portable/MemMang/heap_4.o
 .bss.ucHeap    0x2000114c      0xc00 ./Middlewares/Third_Party/FreeRTOS/Source/portable/MemMang/heap_4.o
 *(COMMON)
                0x20001d4c                        . = ALIGN (0x4)
                0x20001d4c                        _ebss = .
                0x20001d4c                        __bss_end__ = _ebss

._user_heap_stack
                0x20001d4c      0x604 load address 0x08004fec
                0x20001d50                        . = ALIGN (0x8)
 *fill*         0x20001d4c        0x4 
                [!provide]                        PROVIDE (end = .)
                0x20001d50                        PROVIDE (_end = .)
                0x20001f50                        . = (. + _Min_Heap_Size)
 *fill*         0x20001d50      0x200 
                0x20002350                        . = (. + _Min_Stack_Size)
 *fill*         0x20001f50      0x400 
                0x20002350                        . = ALIGN (0x8)

/DISCARD/
 libc.a(*)
 libm.a(*)
 libgcc.a(*)

.ARM.attributes
                0x00000000       0x30
 *(.ARM.attributes)
 .ARM.attributes
                0x00000000       0x22 D:/ST/STM32CubeIDE_1.19.0/STM32CubeIDE/plugins/com.st.stm32cube.ide.mcu.externaltools.gnu-tools-for-stm32.13.3.rel1.win32_1.0.0.202411081344/tools/bin/../lib/gcc/arm-none-eabi/13.3.1/thumb/v7e-m+fp/hard/crti.o
 .ARM.attributes
                0x00000022       0x34 D:/ST/STM32CubeIDE_1.19.0/STM32CubeIDE/plugins/com.st.stm32cube.ide.mcu.externaltools.gnu-tools-for-stm32.13.3.rel1.win32_1.0.0.202411081344/tools/bin/../lib/gcc/arm-none-eabi/13.3.1/thumb/v7e-m+fp/hard/crtbegin.o
 .ARM.attributes
                0x00000056       0x34 ./Core/Src/adc.o
 .ARM.attributes
                0x0000008a       0x34 ./Core/Src/app_freertos.o
 .ARM.attributes
                0x000000be       0x34 ./Core/Src/dma.o
 .ARM.attributes
                0x000000f2       0x34 ./Core/Src/gpio.o
 .ARM.attributes
                0x00000126       0x34 ./Core/Src/i2c.o
 .ARM.attributes
                0x0000015a       0x34 ./Core/Src/main.o
 .ARM.attributes
                0x0000018e       0x34 ./Core/Src/spi.o
 .ARM.attributes
                0x000001c2       0x34 ./Core/Src/stm32g4xx_hal_msp.o
 .ARM.attributes
                0x000001f6       0x34 ./Core/Src/stm32g4xx_hal_timebase_tim.o
 .ARM.attributes
                0x0000022a       0x34 ./Core/Src/stm32g4xx_it.o
 .ARM.attributes
                0x0000025e       0x34 ./Core/Src/system_stm32g4xx.o
 .ARM.attributes
                0x00000292       0x34 ./Core/Src/uart_command.o
 .ARM.attributes
                0x000002c6       0x34 ./Core/Src/usart.o
 .ARM.attributes
                0x000002fa       0x21 ./Core/Startup/startup_stm32g431k8tx.o
 .ARM.attributes
                0x0000031b       0x34 ./Drivers/STM32G4xx_HAL_Driver/Src/stm32g4xx_hal.o
 .ARM.attributes
                0x0000034f       0x34 ./Drivers/STM32G4xx_HAL_Driver/Src/stm32g4xx_hal_adc.o
 .ARM.attributes
                0x00000383       0x34 ./Drivers/STM32G4xx_HAL_Driver/Src/stm32g4xx_hal_adc_ex.o
 .ARM.attributes
                0x000003b7       0x34 ./Drivers/STM32G4xx_HAL_Driver/Src/stm32g4xx_hal_cortex.o
 .ARM.attributes
                0x000003eb       0x34 ./Drivers/STM32G4xx_HAL_Driver/Src/stm32g4xx_hal_dma.o
 .ARM.attributes
                0x0000041f       0x34 ./Drivers/STM32G4xx_HAL_Driver/Src/stm32g4xx_hal_gpio.o
 .ARM.attributes
                0x00000453       0x34 ./Drivers/STM32G4xx_HAL_Driver/Src/stm32g4xx_hal_i2c.o
 .ARM.attributes
                0x00000487       0x34 ./Drivers/STM32G4xx_HAL_Driver/Src/stm32g4xx_hal_i2c_ex.o
 .ARM.attributes
                0x000004bb       0x34 ./Drivers/STM32G4xx_HAL_Driver/Src/stm32g4xx_hal_pwr_ex.o
 .ARM.attributes
                0x000004ef       0x34 ./Drivers/STM32G4xx_HAL_Driver/Src/stm32g4xx_hal_rcc.o
 .ARM.attributes
                0x00000523       0x34 ./Drivers/STM32G4xx_HAL_Driver/Src/stm32g4xx_hal_rcc_ex.o
 .ARM.attributes
                0x00000557       0x34 ./Drivers/STM32G4xx_HAL_Driver/Src/stm32g4xx_hal_spi.o
 .ARM.attributes
                0x0000058b       0x34 ./Drivers/STM32G4xx_HAL_Driver/Src/stm32g4xx_hal_tim.o
 .ARM.attributes
                0x000005bf       0x34 ./Drivers/STM32G4xx_HAL_Driver/Src/stm32g4xx_hal_tim_ex.o
 .ARM.attributes
                0x000005f3       0x34 ./Drivers/STM32G4xx_HAL_Driver/Src/stm32g4xx_hal_uart.o
 .ARM.attributes
                0x00000627       0x34 ./Drivers/STM32G4xx_HAL_Driver/Src/stm32g4xx_hal_uart_ex.o
 .ARM.attributes
                0x0000065b       0x34 ./Middlewares/Third_Party/FreeRTOS/Source/CMSIS_RTOS_V2/cmsis_os2.o
 .ARM.attributes
                0x0000068f       0x34 ./Middlewares/Third_Party/FreeRTOS/Source/list.o
 .ARM.attributes
                0x000006c3       0x34 ./Middlewares/Third_Party/FreeRTOS/Source/queue.o
 .ARM.attributes
                0x000006f7       0x34 ./Middlewares/Third_Party/FreeRTOS/Source/tasks.o
 .ARM.attributes
                0x0000072b       0x34 ./Middlewares/Third_Party/FreeRTOS/Source/timers.o
 .ARM.attributes
                0x0000075f       0x34 ./Middlewares/Third_Party/FreeRTOS/Source/portable/GCC/ARM_CM4F/port.o
 .ARM.attributes
                0x00000793       0x34 ./Middlewares/Third_Party/FreeRTOS/Source/portable/MemMang/heap_4.o
 .ARM.attributes
                0x000007c7       0x34 D:/ST/STM32CubeIDE_1.19.0/STM32CubeIDE/plugins/com.st.stm32cube.ide.mcu.externaltools.gnu-tools-for-stm32.13.3.rel1.win32_1.0.0.202411081344/tools/bin/../lib/gcc/arm-none-eabi/13.3.1/../../../../arm-none-eabi/lib/thumb/v7e-m+fp/hard\libc_nano.a(libc_a-memset.o)
 .ARM.attributes
                0x000007fb       0x34 D:/ST/STM32CubeIDE_1.19.0/STM32CubeIDE/plugins/com.st.stm32cube.ide.mcu.externaltools.gnu-tools-for-stm32.13.3.rel1.win32_1.0.0.202411081344/tools/bin/../lib/gcc/arm-none-eabi/13.3.1/../../../../arm-none-eabi/lib/thumb/v7e-m+fp/hard\libc_nano.a(libc_a-init.o)
 .ARM.attributes
                0x0000082f       0x34 D:/ST/STM32CubeIDE_1.19.0/STM32CubeIDE/plugins/com.st.stm32cube.ide.mcu.externaltools.gnu-tools-for-stm32.13.3.rel1.win32_1.0.0.202411081344/tools/bin/../lib/gcc/arm-none-eabi/13.3.1/../../../../arm-none-eabi/lib/thumb/v7e-m+fp/hard\libc_nano.a(libc_a-memcpy-stub.o)
 .ARM.attributes
                0x00000863       0x22 D:/ST/STM32CubeIDE_1.19.0/STM32CubeIDE/plugins/com.st.stm32cube.ide.mcu.externaltools.gnu-tools-for-stm32.13.3.rel1.win32_1.0.0.202411081344/tools/bin/../lib/gcc/arm-none-eabi/13.3.1/thumb/v7e-m+fp/hard\libgcc.a(_aeabi_uldivmod.o)
 .ARM.attributes
                0x00000885       0x34 D:/ST/STM32CubeIDE_1.19.0/STM32CubeIDE/plugins/com.st.stm32cube.ide.mcu.externaltools.gnu-tools-for-stm32.13.3.rel1.win32_1.0.0.202411081344/tools/bin/../lib/gcc/arm-none-eabi/13.3.1/thumb/v7e-m+fp/hard\libgcc.a(_udivmoddi4.o)
 .ARM.attributes
                0x000008b9       0x22 D:/ST/STM32CubeIDE_1.19.0/STM32CubeIDE/plugins/com.st.stm32cube.ide.mcu.externaltools.gnu-tools-for-stm32.13.3.rel1.win32_1.0.0.202411081344/tools/bin/../lib/gcc/arm-none-eabi/13.3.1/thumb/v7e-m+fp/hard\libgcc.a(_dvmd_tls.o)
 .ARM.attributes
                0x000008db       0x22 D:/ST/STM32CubeIDE_1.19.0/STM32CubeIDE/plugins/com.st.stm32cube.ide.mcu.externaltools.gnu-tools-for-stm32.13.3.rel1.win32_1.0.0.202411081344/tools/bin/../lib/gcc/arm-none-eabi/13.3.1/thumb/v7e-m+fp/hard/crtn.o
OUTPUT(VCA-LVDT.elf elf32-littlearm)
LOAD linker stubs
LOAD D:/ST/STM32CubeIDE_1.19.0/STM32CubeIDE/plugins/com.st.stm32cube.ide.mcu.externaltools.gnu-tools-for-stm32.13.3.rel1.win32_1.0.0.202411081344/tools/bin/../lib/gcc/arm-none-eabi/13.3.1/../../../../arm-none-eabi/lib/thumb/v7e-m+fp/hard\libc.a
LOAD D:/ST/STM32CubeIDE_1.19.0/STM32CubeIDE/plugins/com.st.stm32cube.ide.mcu.externaltools.gnu-tools-for-stm32.13.3.rel1.win32_1.0.0.202411081344/tools/bin/../lib/gcc/arm-none-eabi/13.3.1/../../../../arm-none-eabi/lib/thumb/v7e-m+fp/hard\libm.a
LOAD D:/ST/STM32CubeIDE_1.19.0/STM32CubeIDE/plugins/com.st.stm32cube.ide.mcu.externaltools.gnu-tools-for-stm32.13.3.rel1.win32_1.0.0.202411081344/tools/bin/../lib/gcc/arm-none-eabi/13.3.1/thumb/v7e-m+fp/hard\libgcc.a

.debug_info     0x00000000    0x35cdb
 .debug_info    0x00000000     0x1048 ./Core/Src/adc.o
 .debug_info    0x00001048      0x965 ./Core/Src/app_freertos.o
 .debug_info    0x000019ad      0x51a ./Core/Src/dma.o
 .debug_info    0x00001ec7      0x552 ./Core/Src/gpio.o
 .debug_info    0x00002419      0xf30 ./Core/Src/i2c.o
 .debug_info    0x00003349     0x1056 ./Core/Src/main.o
 .debug_info    0x0000439f      0xbcf ./Core/Src/spi.o
 .debug_info    0x00004f6e      0x50f ./Core/Src/stm32g4xx_hal_msp.o
 .debug_info    0x0000547d      0xe4a ./Core/Src/stm32g4xx_hal_timebase_tim.o
 .debug_info    0x000062c7      0x884 ./Core/Src/stm32g4xx_it.o
 .debug_info    0x00006b4b      0x5a7 ./Core/Src/system_stm32g4xx.o
 .debug_info    0x000070f2      0xedc ./Core/Src/uart_command.o
 .debug_info    0x00007fce     0x1045 ./Core/Src/usart.o
 .debug_info    0x00009013       0x30 ./Core/Startup/startup_stm32g431k8tx.o
 .debug_info    0x00009043      0xbe1 ./Drivers/STM32G4xx_HAL_Driver/Src/stm32g4xx_hal.o
 .debug_info    0x00009c24     0x3163 ./Drivers/STM32G4xx_HAL_Driver/Src/stm32g4xx_hal_adc.o
 .debug_info    0x0000cd87     0x2ac8 ./Drivers/STM32G4xx_HAL_Driver/Src/stm32g4xx_hal_adc_ex.o
 .debug_info    0x0000f84f      0xfb6 ./Drivers/STM32G4xx_HAL_Driver/Src/stm32g4xx_hal_cortex.o
 .debug_info    0x00010805      0x9f7 ./Drivers/STM32G4xx_HAL_Driver/Src/stm32g4xx_hal_dma.o
 .debug_info    0x000111fc      0x7a3 ./Drivers/STM32G4xx_HAL_Driver/Src/stm32g4xx_hal_gpio.o
 .debug_info    0x0001199f     0x3ef6 ./Drivers/STM32G4xx_HAL_Driver/Src/stm32g4xx_hal_i2c.o
 .debug_info    0x00015895      0xaef ./Drivers/STM32G4xx_HAL_Driver/Src/stm32g4xx_hal_i2c_ex.o
 .debug_info    0x00016384      0x993 ./Drivers/STM32G4xx_HAL_Driver/Src/stm32g4xx_hal_pwr_ex.o
 .debug_info    0x00016d17      0xe78 ./Drivers/STM32G4xx_HAL_Driver/Src/stm32g4xx_hal_rcc.o
 .debug_info    0x00017b8f      0xd38 ./Drivers/STM32G4xx_HAL_Driver/Src/stm32g4xx_hal_rcc_ex.o
 .debug_info    0x000188c7     0x221f ./Drivers/STM32G4xx_HAL_Driver/Src/stm32g4xx_hal_spi.o
 .debug_info    0x0001aae6     0x44e5 ./Drivers/STM32G4xx_HAL_Driver/Src/stm32g4xx_hal_tim.o
 .debug_info    0x0001efcb     0x2268 ./Drivers/STM32G4xx_HAL_Driver/Src/stm32g4xx_hal_tim_ex.o
 .debug_info    0x00021233     0x61ec ./Drivers/STM32G4xx_HAL_Driver/Src/stm32g4xx_hal_uart.o
 .debug_info    0x0002741f     0x12d8 ./Drivers/STM32G4xx_HAL_Driver/Src/stm32g4xx_hal_uart_ex.o
 .debug_info    0x000286f7     0x4dad ./Middlewares/Third_Party/FreeRTOS/Source/CMSIS_RTOS_V2/cmsis_os2.o
 .debug_info    0x0002d4a4      0x2c3 ./Middlewares/Third_Party/FreeRTOS/Source/list.o
 .debug_info    0x0002d767     0x2a61 ./Middlewares/Third_Party/FreeRTOS/Source/queue.o
 .debug_info    0x000301c8     0x3314 ./Middlewares/Third_Party/FreeRTOS/Source/tasks.o
 .debug_info    0x000334dc     0x1c4d ./Middlewares/Third_Party/FreeRTOS/Source/timers.o
 .debug_info    0x00035129      0x587 ./Middlewares/Third_Party/FreeRTOS/Source/portable/GCC/ARM_CM4F/port.o
 .debug_info    0x000356b0      0x62b ./Middlewares/Third_Party/FreeRTOS/Source/portable/MemMang/heap_4.o

.debug_abbrev   0x00000000     0x662f
 .debug_abbrev  0x00000000      0x215 ./Core/Src/adc.o
 .debug_abbrev  0x00000215      0x271 ./Core/Src/app_freertos.o
 .debug_abbrev  0x00000486      0x11e ./Core/Src/dma.o
 .debug_abbrev  0x000005a4      0x182 ./Core/Src/gpio.o
 .debug_abbrev  0x00000726      0x249 ./Core/Src/i2c.o
 .debug_abbrev  0x0000096f      0x2ec ./Core/Src/main.o
 .debug_abbrev  0x00000c5b      0x226 ./Core/Src/spi.o
 .debug_abbrev  0x00000e81      0x12f ./Core/Src/stm32g4xx_hal_msp.o
 .debug_abbrev  0x00000fb0      0x262 ./Core/Src/stm32g4xx_hal_timebase_tim.o
 .debug_abbrev  0x00001212      0x1c0 ./Core/Src/stm32g4xx_it.o
 .debug_abbrev  0x000013d2      0x120 ./Core/Src/system_stm32g4xx.o
 .debug_abbrev  0x000014f2      0x255 ./Core/Src/uart_command.o
 .debug_abbrev  0x00001747      0x256 ./Core/Src/usart.o
 .debug_abbrev  0x0000199d       0x24 ./Core/Startup/startup_stm32g431k8tx.o
 .debug_abbrev  0x000019c1      0x2dd ./Drivers/STM32G4xx_HAL_Driver/Src/stm32g4xx_hal.o
 .debug_abbrev  0x00001c9e      0x380 ./Drivers/STM32G4xx_HAL_Driver/Src/stm32g4xx_hal_adc.o
 .debug_abbrev  0x0000201e      0x3b9 ./Drivers/STM32G4xx_HAL_Driver/Src/stm32g4xx_hal_adc_ex.o
 .debug_abbrev  0x000023d7      0x385 ./Drivers/STM32G4xx_HAL_Driver/Src/stm32g4xx_hal_cortex.o
 .debug_abbrev  0x0000275c      0x27f ./Drivers/STM32G4xx_HAL_Driver/Src/stm32g4xx_hal_dma.o
 .debug_abbrev  0x000029db      0x202 ./Drivers/STM32G4xx_HAL_Driver/Src/stm32g4xx_hal_gpio.o
 .debug_abbrev  0x00002bdd      0x3bb ./Drivers/STM32G4xx_HAL_Driver/Src/stm32g4xx_hal_i2c.o
 .debug_abbrev  0x00002f98      0x1c4 ./Drivers/STM32G4xx_HAL_Driver/Src/stm32g4xx_hal_i2c_ex.o
 .debug_abbrev  0x0000315c      0x281 ./Drivers/STM32G4xx_HAL_Driver/Src/stm32g4xx_hal_pwr_ex.o
 .debug_abbrev  0x000033dd      0x354 ./Drivers/STM32G4xx_HAL_Driver/Src/stm32g4xx_hal_rcc.o
 .debug_abbrev  0x00003731      0x2ce ./Drivers/STM32G4xx_HAL_Driver/Src/stm32g4xx_hal_rcc_ex.o
 .debug_abbrev  0x000039ff      0x359 ./Drivers/STM32G4xx_HAL_Driver/Src/stm32g4xx_hal_spi.o
 .debug_abbrev  0x00003d58      0x3b0 ./Drivers/STM32G4xx_HAL_Driver/Src/stm32g4xx_hal_tim.o
 .debug_abbrev  0x00004108      0x32d ./Drivers/STM32G4xx_HAL_Driver/Src/stm32g4xx_hal_tim_ex.o
 .debug_abbrev  0x00004435      0x451 ./Drivers/STM32G4xx_HAL_Driver/Src/stm32g4xx_hal_uart.o
 .debug_abbrev  0x00004886      0x34e ./Drivers/STM32G4xx_HAL_Driver/Src/stm32g4xx_hal_uart_ex.o
 .debug_abbrev  0x00004bd4      0x610 ./Middlewares/Third_Party/FreeRTOS/Source/CMSIS_RTOS_V2/cmsis_os2.o
 .debug_abbrev  0x000051e4      0x10c ./Middlewares/Third_Party/FreeRTOS/Source/list.o
 .debug_abbrev  0x000052f0      0x4c7 ./Middlewares/Third_Party/FreeRTOS/Source/queue.o
 .debug_abbrev  0x000057b7      0x4c2 ./Middlewares/Third_Party/FreeRTOS/Source/tasks.o
 .debug_abbrev  0x00005c79      0x464 ./Middlewares/Third_Party/FreeRTOS/Source/timers.o
 .debug_abbrev  0x000060dd      0x2b3 ./Middlewares/Third_Party/FreeRTOS/Source/portable/GCC/ARM_CM4F/port.o
 .debug_abbrev  0x00006390      0x29f ./Middlewares/Third_Party/FreeRTOS/Source/portable/MemMang/heap_4.o

.debug_loclists
                0x00000000    0x17608
 .debug_loclists
                0x00000000       0x55 ./Core/Src/adc.o
 .debug_loclists
                0x00000055      0x147 ./Core/Src/app_freertos.o
 .debug_loclists
                0x0000019c       0x87 ./Core/Src/i2c.o
 .debug_loclists
                0x00000223       0x30 ./Core/Src/main.o
 .debug_loclists
                0x00000253       0x55 ./Core/Src/spi.o
 .debug_loclists
                0x000002a8       0x8f ./Core/Src/stm32g4xx_hal_timebase_tim.o
 .debug_loclists
                0x00000337       0x7e ./Core/Src/system_stm32g4xx.o
 .debug_loclists
                0x000003b5      0x14e ./Core/Src/uart_command.o
 .debug_loclists
                0x00000503       0x63 ./Core/Src/usart.o
 .debug_loclists
                0x00000566      0x13d ./Drivers/STM32G4xx_HAL_Driver/Src/stm32g4xx_hal.o
 .debug_loclists
                0x000006a3     0x135c ./Drivers/STM32G4xx_HAL_Driver/Src/stm32g4xx_hal_adc.o
 .debug_loclists
                0x000019ff     0x1213 ./Drivers/STM32G4xx_HAL_Driver/Src/stm32g4xx_hal_adc_ex.o
 .debug_loclists
                0x00002c12      0x406 ./Drivers/STM32G4xx_HAL_Driver/Src/stm32g4xx_hal_cortex.o
 .debug_loclists
                0x00003018      0x5c0 ./Drivers/STM32G4xx_HAL_Driver/Src/stm32g4xx_hal_dma.o
 .debug_loclists
                0x000035d8      0x237 ./Drivers/STM32G4xx_HAL_Driver/Src/stm32g4xx_hal_gpio.o
 .debug_loclists
                0x0000380f     0x34df ./Drivers/STM32G4xx_HAL_Driver/Src/stm32g4xx_hal_i2c.o
 .debug_loclists
                0x00006cee      0x11c ./Drivers/STM32G4xx_HAL_Driver/Src/stm32g4xx_hal_i2c_ex.o
 .debug_loclists
                0x00006e0a      0x3c8 ./Drivers/STM32G4xx_HAL_Driver/Src/stm32g4xx_hal_pwr_ex.o
 .debug_loclists
                0x000071d2      0x5e4 ./Drivers/STM32G4xx_HAL_Driver/Src/stm32g4xx_hal_rcc.o
 .debug_loclists
                0x000077b6      0x690 ./Drivers/STM32G4xx_HAL_Driver/Src/stm32g4xx_hal_rcc_ex.o
 .debug_loclists
                0x00007e46     0x126c ./Drivers/STM32G4xx_HAL_Driver/Src/stm32g4xx_hal_spi.o
 .debug_loclists
                0x000090b2     0x3033 ./Drivers/STM32G4xx_HAL_Driver/Src/stm32g4xx_hal_tim.o
 .debug_loclists
                0x0000c0e5     0x13a0 ./Drivers/STM32G4xx_HAL_Driver/Src/stm32g4xx_hal_tim_ex.o
 .debug_loclists
                0x0000d485     0x37cf ./Drivers/STM32G4xx_HAL_Driver/Src/stm32g4xx_hal_uart.o
 .debug_loclists
                0x00010c54      0x7fd ./Drivers/STM32G4xx_HAL_Driver/Src/stm32g4xx_hal_uart_ex.o
 .debug_loclists
                0x00011451     0x2b1a ./Middlewares/Third_Party/FreeRTOS/Source/CMSIS_RTOS_V2/cmsis_os2.o
 .debug_loclists
                0x00013f6b       0x77 ./Middlewares/Third_Party/FreeRTOS/Source/list.o
 .debug_loclists
                0x00013fe2     0x118c ./Middlewares/Third_Party/FreeRTOS/Source/queue.o
 .debug_loclists
                0x0001516e     0x15c8 ./Middlewares/Third_Party/FreeRTOS/Source/tasks.o
 .debug_loclists
                0x00016736      0xa0d ./Middlewares/Third_Party/FreeRTOS/Source/timers.o
 .debug_loclists
                0x00017143       0xa2 ./Middlewares/Third_Party/FreeRTOS/Source/portable/GCC/ARM_CM4F/port.o
 .debug_loclists
                0x000171e5      0x423 ./Middlewares/Third_Party/FreeRTOS/Source/portable/MemMang/heap_4.o

.debug_aranges  0x00000000     0x1f48
 .debug_aranges
                0x00000000       0x30 ./Core/Src/adc.o
 .debug_aranges
                0x00000030       0x50 ./Core/Src/app_freertos.o
 .debug_aranges
                0x00000080       0x20 ./Core/Src/dma.o
 .debug_aranges
                0x000000a0       0x20 ./Core/Src/gpio.o
 .debug_aranges
                0x000000c0       0x38 ./Core/Src/i2c.o
 .debug_aranges
                0x000000f8       0x38 ./Core/Src/main.o
 .debug_aranges
                0x00000130       0x30 ./Core/Src/spi.o
 .debug_aranges
                0x00000160       0x20 ./Core/Src/stm32g4xx_hal_msp.o
 .debug_aranges
                0x00000180       0x30 ./Core/Src/stm32g4xx_hal_timebase_tim.o
 .debug_aranges
                0x000001b0       0x58 ./Core/Src/stm32g4xx_it.o
 .debug_aranges
                0x00000208       0x28 ./Core/Src/system_stm32g4xx.o
 .debug_aranges
                0x00000230       0x30 ./Core/Src/uart_command.o
 .debug_aranges
                0x00000260       0x38 ./Core/Src/usart.o
 .debug_aranges
                0x00000298       0x28 ./Core/Startup/startup_stm32g431k8tx.o
 .debug_aranges
                0x000002c0      0x148 ./Drivers/STM32G4xx_HAL_Driver/Src/stm32g4xx_hal.o
 .debug_aranges
                0x00000408      0x128 ./Drivers/STM32G4xx_HAL_Driver/Src/stm32g4xx_hal_adc.o
 .debug_aranges
                0x00000530      0x110 ./Drivers/STM32G4xx_HAL_Driver/Src/stm32g4xx_hal_adc_ex.o
 .debug_aranges
                0x00000640       0xb8 ./Drivers/STM32G4xx_HAL_Driver/Src/stm32g4xx_hal_cortex.o
 .debug_aranges
                0x000006f8       0x88 ./Drivers/STM32G4xx_HAL_Driver/Src/stm32g4xx_hal_dma.o
 .debug_aranges
                0x00000780       0x58 ./Drivers/STM32G4xx_HAL_Driver/Src/stm32g4xx_hal_gpio.o
 .debug_aranges
                0x000007d8      0x290 ./Drivers/STM32G4xx_HAL_Driver/Src/stm32g4xx_hal_i2c.o
 .debug_aranges
                0x00000a68       0x48 ./Drivers/STM32G4xx_HAL_Driver/Src/stm32g4xx_hal_i2c_ex.o
 .debug_aranges
                0x00000ab0      0x140 ./Drivers/STM32G4xx_HAL_Driver/Src/stm32g4xx_hal_pwr_ex.o
 .debug_aranges
                0x00000bf0       0x90 ./Drivers/STM32G4xx_HAL_Driver/Src/stm32g4xx_hal_rcc.o
 .debug_aranges
                0x00000c80       0xb0 ./Drivers/STM32G4xx_HAL_Driver/Src/stm32g4xx_hal_rcc_ex.o
 .debug_aranges
                0x00000d30      0x1d8 ./Drivers/STM32G4xx_HAL_Driver/Src/stm32g4xx_hal_spi.o
 .debug_aranges
                0x00000f08      0x3b0 ./Drivers/STM32G4xx_HAL_Driver/Src/stm32g4xx_hal_tim.o
 .debug_aranges
                0x000012b8      0x240 ./Drivers/STM32G4xx_HAL_Driver/Src/stm32g4xx_hal_tim_ex.o
 .debug_aranges
                0x000014f8      0x248 ./Drivers/STM32G4xx_HAL_Driver/Src/stm32g4xx_hal_uart.o
 .debug_aranges
                0x00001740       0xa0 ./Drivers/STM32G4xx_HAL_Driver/Src/stm32g4xx_hal_uart_ex.o
 .debug_aranges
                0x000017e0      0x270 ./Middlewares/Third_Party/FreeRTOS/Source/CMSIS_RTOS_V2/cmsis_os2.o
 .debug_aranges
                0x00001a50       0x40 ./Middlewares/Third_Party/FreeRTOS/Source/list.o
 .debug_aranges
                0x00001a90      0x138 ./Middlewares/Third_Party/FreeRTOS/Source/queue.o
 .debug_aranges
                0x00001bc8      0x1f0 ./Middlewares/Third_Party/FreeRTOS/Source/tasks.o
 .debug_aranges
                0x00001db8       0xc0 ./Middlewares/Third_Party/FreeRTOS/Source/timers.o
 .debug_aranges
                0x00001e78       0x80 ./Middlewares/Third_Party/FreeRTOS/Source/portable/GCC/ARM_CM4F/port.o
 .debug_aranges
                0x00001ef8       0x50 ./Middlewares/Third_Party/FreeRTOS/Source/portable/MemMang/heap_4.o

.debug_rnglists
                0x00000000     0x2122
 .debug_rnglists
                0x00000000       0x21 ./Core/Src/adc.o
 .debug_rnglists
                0x00000021       0x70 ./Core/Src/app_freertos.o
 .debug_rnglists
                0x00000091       0x2b ./Core/Src/dma.o
 .debug_rnglists
                0x000000bc       0x2c ./Core/Src/gpio.o
 .debug_rnglists
                0x000000e8       0x26 ./Core/Src/i2c.o
 .debug_rnglists
                0x0000010e       0x25 ./Core/Src/main.o
 .debug_rnglists
                0x00000133       0x2c ./Core/Src/spi.o
 .debug_rnglists
                0x0000015f       0x2b ./Core/Src/stm32g4xx_hal_msp.o
 .debug_rnglists
                0x0000018a       0x38 ./Core/Src/stm32g4xx_hal_timebase_tim.o
 .debug_rnglists
                0x000001c2       0x3d ./Core/Src/stm32g4xx_it.o
 .debug_rnglists
                0x000001ff       0x19 ./Core/Src/system_stm32g4xx.o
 .debug_rnglists
                0x00000218       0x2d ./Core/Src/uart_command.o
 .debug_rnglists
                0x00000245       0x3e ./Core/Src/usart.o
 .debug_rnglists
                0x00000283       0x19 ./Core/Startup/startup_stm32g431k8tx.o
 .debug_rnglists
                0x0000029c       0xf1 ./Drivers/STM32G4xx_HAL_Driver/Src/stm32g4xx_hal.o
 .debug_rnglists
                0x0000038d      0x23c ./Drivers/STM32G4xx_HAL_Driver/Src/stm32g4xx_hal_adc.o
 .debug_rnglists
                0x000005c9      0x18a ./Drivers/STM32G4xx_HAL_Driver/Src/stm32g4xx_hal_adc_ex.o
 .debug_rnglists
                0x00000753       0xee ./Drivers/STM32G4xx_HAL_Driver/Src/stm32g4xx_hal_cortex.o
 .debug_rnglists
                0x00000841       0x72 ./Drivers/STM32G4xx_HAL_Driver/Src/stm32g4xx_hal_dma.o
 .debug_rnglists
                0x000008b3       0x52 ./Drivers/STM32G4xx_HAL_Driver/Src/stm32g4xx_hal_gpio.o
 .debug_rnglists
                0x00000905      0x255 ./Drivers/STM32G4xx_HAL_Driver/Src/stm32g4xx_hal_i2c.o
 .debug_rnglists
                0x00000b5a       0x4f ./Drivers/STM32G4xx_HAL_Driver/Src/stm32g4xx_hal_i2c_ex.o
 .debug_rnglists
                0x00000ba9       0xf0 ./Drivers/STM32G4xx_HAL_Driver/Src/stm32g4xx_hal_pwr_ex.o
 .debug_rnglists
                0x00000c99       0x77 ./Drivers/STM32G4xx_HAL_Driver/Src/stm32g4xx_hal_rcc.o
 .debug_rnglists
                0x00000d10       0xa7 ./Drivers/STM32G4xx_HAL_Driver/Src/stm32g4xx_hal_rcc_ex.o
 .debug_rnglists
                0x00000db7      0x1dc ./Drivers/STM32G4xx_HAL_Driver/Src/stm32g4xx_hal_spi.o
 .debug_rnglists
                0x00000f93      0x375 ./Drivers/STM32G4xx_HAL_Driver/Src/stm32g4xx_hal_tim.o
 .debug_rnglists
                0x00001308      0x1bb ./Drivers/STM32G4xx_HAL_Driver/Src/stm32g4xx_hal_tim_ex.o
 .debug_rnglists
                0x000014c3      0x267 ./Drivers/STM32G4xx_HAL_Driver/Src/stm32g4xx_hal_uart.o
 .debug_rnglists
                0x0000172a       0x75 ./Drivers/STM32G4xx_HAL_Driver/Src/stm32g4xx_hal_uart_ex.o
 .debug_rnglists
                0x0000179f      0x388 ./Middlewares/Third_Party/FreeRTOS/Source/CMSIS_RTOS_V2/cmsis_os2.o
 .debug_rnglists
                0x00001b27       0x2b ./Middlewares/Third_Party/FreeRTOS/Source/list.o
 .debug_rnglists
                0x00001b52      0x1c4 ./Middlewares/Third_Party/FreeRTOS/Source/queue.o
 .debug_rnglists
                0x00001d16      0x253 ./Middlewares/Third_Party/FreeRTOS/Source/tasks.o
 .debug_rnglists
                0x00001f69      0x10c ./Middlewares/Third_Party/FreeRTOS/Source/timers.o
 .debug_rnglists
                0x00002075       0x74 ./Middlewares/Third_Party/FreeRTOS/Source/portable/GCC/ARM_CM4F/port.o
 .debug_rnglists
                0x000020e9       0x39 ./Middlewares/Third_Party/FreeRTOS/Source/portable/MemMang/heap_4.o

.debug_macro    0x00000000    0x24af8
 .debug_macro   0x00000000      0x233 ./Core/Src/adc.o
 .debug_macro   0x00000233      0xade ./Core/Src/adc.o
 .debug_macro   0x00000d11      0x16d ./Core/Src/adc.o
 .debug_macro   0x00000e7e       0x2e ./Core/Src/adc.o
 .debug_macro   0x00000eac       0x28 ./Core/Src/adc.o
 .debug_macro   0x00000ed4       0x22 ./Core/Src/adc.o
 .debug_macro   0x00000ef6       0x8e ./Core/Src/adc.o
 .debug_macro   0x00000f84       0x51 ./Core/Src/adc.o
 .debug_macro   0x00000fd5      0x103 ./Core/Src/adc.o
 .debug_macro   0x000010d8       0x6a ./Core/Src/adc.o
 .debug_macro   0x00001142      0x1df ./Core/Src/adc.o
 .debug_macro   0x00001321       0x1c ./Core/Src/adc.o
 .debug_macro   0x0000133d       0x22 ./Core/Src/adc.o
 .debug_macro   0x0000135f       0xfb ./Core/Src/adc.o
 .debug_macro   0x0000145a     0x1011 ./Core/Src/adc.o
 .debug_macro   0x0000246b      0x11f ./Core/Src/adc.o
 .debug_macro   0x0000258a    0x1138f ./Core/Src/adc.o
 .debug_macro   0x00013919       0x6d ./Core/Src/adc.o
 .debug_macro   0x00013986     0x3558 ./Core/Src/adc.o
 .debug_macro   0x00016ede      0x190 ./Core/Src/adc.o
 .debug_macro   0x0001706e       0x5c ./Core/Src/adc.o
 .debug_macro   0x000170ca     0x141d ./Core/Src/adc.o
 .debug_macro   0x000184e7      0x535 ./Core/Src/adc.o
 .debug_macro   0x00018a1c      0x1b6 ./Core/Src/adc.o
 .debug_macro   0x00018bd2      0x288 ./Core/Src/adc.o
 .debug_macro   0x00018e5a      0x41d ./Core/Src/adc.o
 .debug_macro   0x00019277      0x18b ./Core/Src/adc.o
 .debug_macro   0x00019402       0x43 ./Core/Src/adc.o
 .debug_macro   0x00019445      0x23d ./Core/Src/adc.o
 .debug_macro   0x00019682     0x1112 ./Core/Src/adc.o
 .debug_macro   0x0001a794      0x72e ./Core/Src/adc.o
 .debug_macro   0x0001aec2      0x391 ./Core/Src/adc.o
 .debug_macro   0x0001b253      0x211 ./Core/Src/adc.o
 .debug_macro   0x0001b464      0x401 ./Core/Src/adc.o
 .debug_macro   0x0001b865      0x107 ./Core/Src/adc.o
 .debug_macro   0x0001b96c      0x22c ./Core/Src/adc.o
 .debug_macro   0x0001bb98       0x61 ./Core/Src/adc.o
 .debug_macro   0x0001bbf9       0xa5 ./Core/Src/adc.o
 .debug_macro   0x0001bc9e      0x122 ./Core/Src/adc.o
 .debug_macro   0x0001bdc0      0x3d1 ./Core/Src/adc.o
 .debug_macro   0x0001c191      0x2fe ./Core/Src/adc.o
 .debug_macro   0x0001c48f      0xbda ./Core/Src/adc.o
 .debug_macro   0x0001d069      0x47e ./Core/Src/adc.o
 .debug_macro   0x0001d4e7      0x693 ./Core/Src/adc.o
 .debug_macro   0x0001db7a       0xa6 ./Core/Src/adc.o
 .debug_macro   0x0001dc20      0x306 ./Core/Src/adc.o
 .debug_macro   0x0001df26      0x39f ./Core/Src/app_freertos.o
 .debug_macro   0x0001e2c5      0x169 ./Core/Src/app_freertos.o
 .debug_macro   0x0001e42e      0x15a ./Core/Src/app_freertos.o
 .debug_macro   0x0001e588       0xc9 ./Core/Src/app_freertos.o
 .debug_macro   0x0001e651       0x1c ./Core/Src/app_freertos.o
 .debug_macro   0x0001e66d       0x26 ./Core/Src/app_freertos.o
 .debug_macro   0x0001e693      0x4c5 ./Core/Src/app_freertos.o
 .debug_macro   0x0001eb58       0xb5 ./Core/Src/app_freertos.o
 .debug_macro   0x0001ec0d       0xaa ./Core/Src/app_freertos.o
 .debug_macro   0x0001ecb7       0x6c ./Core/Src/app_freertos.o
 .debug_macro   0x0001ed23       0x74 ./Core/Src/app_freertos.o
 .debug_macro   0x0001ed97       0xdd ./Core/Src/app_freertos.o
 .debug_macro   0x0001ee74       0x61 ./Core/Src/app_freertos.o
 .debug_macro   0x0001eed5       0x2a ./Core/Src/app_freertos.o
 .debug_macro   0x0001eeff       0x43 ./Core/Src/app_freertos.o
 .debug_macro   0x0001ef42       0x34 ./Core/Src/app_freertos.o
 .debug_macro   0x0001ef76       0x16 ./Core/Src/app_freertos.o
 .debug_macro   0x0001ef8c       0x3c ./Core/Src/app_freertos.o
 .debug_macro   0x0001efc8      0x370 ./Core/Src/app_freertos.o
 .debug_macro   0x0001f338       0x10 ./Core/Src/app_freertos.o
 .debug_macro   0x0001f348       0x16 ./Core/Src/app_freertos.o
 .debug_macro   0x0001f35e       0x4a ./Core/Src/app_freertos.o
 .debug_macro   0x0001f3a8       0x34 ./Core/Src/app_freertos.o
 .debug_macro   0x0001f3dc       0x10 ./Core/Src/app_freertos.o
 .debug_macro   0x0001f3ec       0x58 ./Core/Src/app_freertos.o
 .debug_macro   0x0001f444       0x8e ./Core/Src/app_freertos.o
 .debug_macro   0x0001f4d2       0x1c ./Core/Src/app_freertos.o
 .debug_macro   0x0001f4ee      0x185 ./Core/Src/app_freertos.o
 .debug_macro   0x0001f673       0x16 ./Core/Src/app_freertos.o
 .debug_macro   0x0001f689       0x16 ./Core/Src/app_freertos.o
 .debug_macro   0x0001f69f      0x146 ./Core/Src/app_freertos.o
 .debug_macro   0x0001f7e5      0x233 ./Core/Src/dma.o
 .debug_macro   0x0001fa18      0x233 ./Core/Src/gpio.o
 .debug_macro   0x0001fc4b      0x233 ./Core/Src/i2c.o
 .debug_macro   0x0001fe7e      0x303 ./Core/Src/main.o
 .debug_macro   0x00020181      0x169 ./Core/Src/main.o
 .debug_macro   0x000202ea       0x66 ./Core/Src/main.o
 .debug_macro   0x00020350      0x233 ./Core/Src/spi.o
 .debug_macro   0x00020583      0x229 ./Core/Src/stm32g4xx_hal_msp.o
 .debug_macro   0x000207ac      0x21f ./Core/Src/stm32g4xx_hal_timebase_tim.o
 .debug_macro   0x000209cb      0x233 ./Core/Src/stm32g4xx_it.o
 .debug_macro   0x00020bfe      0x21f ./Core/Src/system_stm32g4xx.o
 .debug_macro   0x00020e1d      0x379 ./Core/Src/uart_command.o
 .debug_macro   0x00021196       0x10 ./Core/Src/uart_command.o
 .debug_macro   0x000211a6       0x20 ./Core/Src/uart_command.o
 .debug_macro   0x000211c6       0x1c ./Core/Src/uart_command.o
 .debug_macro   0x000211e2      0x233 ./Core/Src/usart.o
 .debug_macro   0x00021415      0x26d ./Drivers/STM32G4xx_HAL_Driver/Src/stm32g4xx_hal.o
 .debug_macro   0x00021682      0x23c ./Drivers/STM32G4xx_HAL_Driver/Src/stm32g4xx_hal_adc.o
 .debug_macro   0x000218be      0x22b ./Drivers/STM32G4xx_HAL_Driver/Src/stm32g4xx_hal_adc_ex.o
 .debug_macro   0x00021ae9      0x21f ./Drivers/STM32G4xx_HAL_Driver/Src/stm32g4xx_hal_cortex.o
 .debug_macro   0x00021d08      0x21f ./Drivers/STM32G4xx_HAL_Driver/Src/stm32g4xx_hal_dma.o
 .debug_macro   0x00021f27      0x226 ./Drivers/STM32G4xx_HAL_Driver/Src/stm32g4xx_hal_gpio.o
 .debug_macro   0x0002214d      0x2eb ./Drivers/STM32G4xx_HAL_Driver/Src/stm32g4xx_hal_i2c.o
 .debug_macro   0x00022438      0x21f ./Drivers/STM32G4xx_HAL_Driver/Src/stm32g4xx_hal_i2c_ex.o
 .debug_macro   0x00022657      0x249 ./Drivers/STM32G4xx_HAL_Driver/Src/stm32g4xx_hal_pwr_ex.o
 .debug_macro   0x000228a0      0x261 ./Drivers/STM32G4xx_HAL_Driver/Src/stm32g4xx_hal_rcc.o
 .debug_macro   0x00022b01      0x249 ./Drivers/STM32G4xx_HAL_Driver/Src/stm32g4xx_hal_rcc_ex.o
 .debug_macro   0x00022d4a      0x227 ./Drivers/STM32G4xx_HAL_Driver/Src/stm32g4xx_hal_spi.o
 .debug_macro   0x00022f71      0x227 ./Drivers/STM32G4xx_HAL_Driver/Src/stm32g4xx_hal_tim.o
 .debug_macro   0x00023198      0x225 ./Drivers/STM32G4xx_HAL_Driver/Src/stm32g4xx_hal_tim_ex.o
 .debug_macro   0x000233bd      0x24a ./Drivers/STM32G4xx_HAL_Driver/Src/stm32g4xx_hal_uart.o
 .debug_macro   0x00023607      0x22b ./Drivers/STM32G4xx_HAL_Driver/Src/stm32g4xx_hal_uart_ex.o
 .debug_macro   0x00023832      0x416 ./Middlewares/Third_Party/FreeRTOS/Source/CMSIS_RTOS_V2/cmsis_os2.o
 .debug_macro   0x00023c48       0x91 ./Middlewares/Third_Party/FreeRTOS/Source/CMSIS_RTOS_V2/cmsis_os2.o
 .debug_macro   0x00023cd9       0x8d ./Middlewares/Third_Party/FreeRTOS/Source/CMSIS_RTOS_V2/cmsis_os2.o
 .debug_macro   0x00023d66       0x9a ./Middlewares/Third_Party/FreeRTOS/Source/CMSIS_RTOS_V2/cmsis_os2.o
 .debug_macro   0x00023e00       0x22 ./Middlewares/Third_Party/FreeRTOS/Source/CMSIS_RTOS_V2/cmsis_os2.o
 .debug_macro   0x00023e22       0x56 ./Middlewares/Third_Party/FreeRTOS/Source/CMSIS_RTOS_V2/cmsis_os2.o
 .debug_macro   0x00023e78      0x187 ./Middlewares/Third_Party/FreeRTOS/Source/list.o
 .debug_macro   0x00023fff      0x216 ./Middlewares/Third_Party/FreeRTOS/Source/queue.o
 .debug_macro   0x00024215       0x16 ./Middlewares/Third_Party/FreeRTOS/Source/queue.o
 .debug_macro   0x0002422b       0x87 ./Middlewares/Third_Party/FreeRTOS/Source/queue.o
 .debug_macro   0x000242b2      0x27f ./Middlewares/Third_Party/FreeRTOS/Source/tasks.o
 .debug_macro   0x00024531       0x10 ./Middlewares/Third_Party/FreeRTOS/Source/tasks.o
 .debug_macro   0x00024541      0x1dc ./Middlewares/Third_Party/FreeRTOS/Source/timers.o
 .debug_macro   0x0002471d       0x97 ./Middlewares/Third_Party/FreeRTOS/Source/timers.o
 .debug_macro   0x000247b4      0x196 ./Middlewares/Third_Party/FreeRTOS/Source/portable/GCC/ARM_CM4F/port.o
 .debug_macro   0x0002494a      0x1ae ./Middlewares/Third_Party/FreeRTOS/Source/portable/MemMang/heap_4.o

.debug_line     0x00000000    0x33bfb
 .debug_line    0x00000000      0x985 ./Core/Src/adc.o
 .debug_line    0x00000985      0xd96 ./Core/Src/app_freertos.o
 .debug_line    0x0000171b      0x821 ./Core/Src/dma.o
 .debug_line    0x00001f3c      0x89c ./Core/Src/gpio.o
 .debug_line    0x000027d8      0xa98 ./Core/Src/i2c.o
 .debug_line    0x00003270      0xac5 ./Core/Src/main.o
 .debug_line    0x00003d35      0x92b ./Core/Src/spi.o
 .debug_line    0x00004660      0x828 ./Core/Src/stm32g4xx_hal_msp.o
 .debug_line    0x00004e88      0x8f9 ./Core/Src/stm32g4xx_hal_timebase_tim.o
 .debug_line    0x00005781      0x8bb ./Core/Src/stm32g4xx_it.o
 .debug_line    0x0000603c      0x8b5 ./Core/Src/system_stm32g4xx.o
 .debug_line    0x000068f1      0xc7f ./Core/Src/uart_command.o
 .debug_line    0x00007570      0xad8 ./Core/Src/usart.o
 .debug_line    0x00008048       0x7b ./Core/Startup/startup_stm32g431k8tx.o
 .debug_line    0x000080c3      0xd09 ./Drivers/STM32G4xx_HAL_Driver/Src/stm32g4xx_hal.o
 .debug_line    0x00008dcc     0x25e3 ./Drivers/STM32G4xx_HAL_Driver/Src/stm32g4xx_hal_adc.o
 .debug_line    0x0000b3af     0x2078 ./Drivers/STM32G4xx_HAL_Driver/Src/stm32g4xx_hal_adc_ex.o
 .debug_line    0x0000d427      0xe2b ./Drivers/STM32G4xx_HAL_Driver/Src/stm32g4xx_hal_cortex.o
 .debug_line    0x0000e252     0x11bb ./Drivers/STM32G4xx_HAL_Driver/Src/stm32g4xx_hal_dma.o
 .debug_line    0x0000f40d      0xce9 ./Drivers/STM32G4xx_HAL_Driver/Src/stm32g4xx_hal_gpio.o
 .debug_line    0x000100f6     0x510b ./Drivers/STM32G4xx_HAL_Driver/Src/stm32g4xx_hal_i2c.o
 .debug_line    0x00015201      0xa35 ./Drivers/STM32G4xx_HAL_Driver/Src/stm32g4xx_hal_i2c_ex.o
 .debug_line    0x00015c36      0xeab ./Drivers/STM32G4xx_HAL_Driver/Src/stm32g4xx_hal_pwr_ex.o
 .debug_line    0x00016ae1     0x1443 ./Drivers/STM32G4xx_HAL_Driver/Src/stm32g4xx_hal_rcc.o
 .debug_line    0x00017f24     0x137e ./Drivers/STM32G4xx_HAL_Driver/Src/stm32g4xx_hal_rcc_ex.o
 .debug_line    0x000192a2     0x2d92 ./Drivers/STM32G4xx_HAL_Driver/Src/stm32g4xx_hal_spi.o
 .debug_line    0x0001c034     0x4a98 ./Drivers/STM32G4xx_HAL_Driver/Src/stm32g4xx_hal_tim.o
 .debug_line    0x00020acc     0x2146 ./Drivers/STM32G4xx_HAL_Driver/Src/stm32g4xx_hal_tim_ex.o
 .debug_line    0x00022c12     0x51ef ./Drivers/STM32G4xx_HAL_Driver/Src/stm32g4xx_hal_uart.o
 .debug_line    0x00027e01     0x1093 ./Drivers/STM32G4xx_HAL_Driver/Src/stm32g4xx_hal_uart_ex.o
 .debug_line    0x00028e94     0x308e ./Middlewares/Third_Party/FreeRTOS/Source/CMSIS_RTOS_V2/cmsis_os2.o
 .debug_line    0x0002bf22      0x819 ./Middlewares/Third_Party/FreeRTOS/Source/list.o
 .debug_line    0x0002c73b     0x2195 ./Middlewares/Third_Party/FreeRTOS/Source/queue.o
 .debug_line    0x0002e8d0     0x2c3f ./Middlewares/Third_Party/FreeRTOS/Source/tasks.o
 .debug_line    0x0003150f     0x1213 ./Middlewares/Third_Party/FreeRTOS/Source/timers.o
 .debug_line    0x00032722      0x9ad ./Middlewares/Third_Party/FreeRTOS/Source/portable/GCC/ARM_CM4F/port.o
 .debug_line    0x000330cf      0xb2c ./Middlewares/Third_Party/FreeRTOS/Source/portable/MemMang/heap_4.o

.debug_str      0x00000000    0xeb347
 .debug_str     0x00000000    0xeb347 ./Core/Src/adc.o
                              0xd5bf5 (size before relaxing)
 .debug_str     0x000eb347    0xdda37 ./Core/Src/app_freertos.o
 .debug_str     0x000eb347    0xd5767 ./Core/Src/dma.o
 .debug_str     0x000eb347    0xd53c6 ./Core/Src/gpio.o
 .debug_str     0x000eb347    0xd5b69 ./Core/Src/i2c.o
 .debug_str     0x000eb347    0xda716 ./Core/Src/main.o
 .debug_str     0x000eb347    0xd58fb ./Core/Src/spi.o
 .debug_str     0x000eb347    0xd5778 ./Core/Src/stm32g4xx_hal_msp.o
 .debug_str     0x000eb347    0xd5ec4 ./Core/Src/stm32g4xx_hal_timebase_tim.o
 .debug_str     0x000eb347    0xd5865 ./Core/Src/stm32g4xx_it.o
 .debug_str     0x000eb347    0xd5393 ./Core/Src/system_stm32g4xx.o
 .debug_str     0x000eb347    0xd91e2 ./Core/Src/uart_command.o
 .debug_str     0x000eb347    0xd5bac ./Core/Src/usart.o
 .debug_str     0x000eb347       0x6f ./Core/Startup/startup_stm32g431k8tx.o
 .debug_str     0x000eb347    0xd5ed2 ./Drivers/STM32G4xx_HAL_Driver/Src/stm32g4xx_hal.o
 .debug_str     0x000eb347    0xd63c0 ./Drivers/STM32G4xx_HAL_Driver/Src/stm32g4xx_hal_adc.o
 .debug_str     0x000eb347    0xd6366 ./Drivers/STM32G4xx_HAL_Driver/Src/stm32g4xx_hal_adc_ex.o
 .debug_str     0x000eb347    0xd5b8e ./Drivers/STM32G4xx_HAL_Driver/Src/stm32g4xx_hal_cortex.o
 .debug_str     0x000eb347    0xd576d ./Drivers/STM32G4xx_HAL_Driver/Src/stm32g4xx_hal_dma.o
 .debug_str     0x000eb347    0xd551e ./Drivers/STM32G4xx_HAL_Driver/Src/stm32g4xx_hal_gpio.o